Steam_scrapper/Database_of_items_price/AK-47 _ Vulcan Battle-Scarred.csv
Date,Price,Quantity Sold,exterior,rarity
Mar 26 2016 01: +0,9.751,164,Battle-Scarred,Covert
Mar 27 2016 01: +0,9.774,163,Battle-Scarred,Covert
Mar 28 2016 01: +0,9.774,134,Battle-Scarred,Covert
Mar 29 2016 01: +0,10.134,146,Battle-Scarred,Covert
Mar 30 2016 01: +0,10.022,163,Battle-Scarred,Covert
Mar 31 2016 01: +0,10.721,144,Battle-Scarred,Covert
Apr 01 2016 01: +0,11.012,180,Battle-Scarred,Covert
Apr 02 2016 01: +0,11.265,194,Battle-Scarred,Covert
Apr 03 2016 01: +0,10.435,217,Battle-Scarred,Covert
Apr 04 2016 01: +0,10.539,176,Battle-Scarred,Covert
Apr 05 2016 01: +0,11.021,158,Battle-Scarred,Covert
Apr 06 2016 01: +0,11.116,147,Battle-Scarred,Covert
Apr 07 2016 01: +0,11.071,132,Battle-Scarred,Covert
Apr 08 2016 01: +0,11.408,147,Battle-Scarred,Covert
Apr 09 2016 01: +0,11.648,145,Battle-Scarred,Covert
Apr 10 2016 01: +0,11.439,140,Battle-Scarred,Covert
Apr 11 2016 01: +0,11.535,138,Battle-Scarred,Covert
Apr 12 2016 01: +0,11.498,96,Battle-Scarred,Covert
Apr 13 2016 01: +0,11.44,103,Battle-Scarred,Covert
Apr 14 2016 01: +0,11.515,117,Battle-Scarred,Covert
Apr 15 2016 01: +0,11.307,145,Battle-Scarred,Covert
Apr 16 2016 01: +0,11.298,140,Battle-Scarred,Covert
Apr 17 2016 01: +0,10.984,143,Battle-Scarred,Covert
Apr 18 2016 01: +0,11.095,117,Battle-Scarred,Covert
Apr 19 2016 01: +0,11.061,91,Battle-Scarred,Covert
Apr 20 2016 01: +0,11.106,99,Battle-Scarred,Covert
Apr 21 2016 01: +0,11.399,105,Battle-Scarred,Covert
Apr 22 2016 01: +0,11.166,115,Battle-Scarred,Covert
Apr 23 2016 01: +0,11.083,136,Battle-Scarred,Covert
Apr 24 2016 01: +0,11.04,135,Battle-Scarred,Covert
Apr 25 2016 01: +0,10.863,121,Battle-Scarred,Covert
Apr 26 2016 01: +0,11.416,97,Battle-Scarred,Covert
Apr 27 2016 01: +0,11.465,99,Battle-Scarred,Covert
Apr 28 2016 01: +0,11.656,109,Battle-Scarred,Covert
Apr 29 2016 01: +0,12.112,126,Battle-Scarred,Covert
Apr 30 2016 01: +0,11.596,151,Battle-Scarred,Covert
May 01 2016 01: +0,11.711,131,Battle-Scarred,Covert
May 02 2016 01: +0,11.69,120,Battle-Scarred,Covert
May 03 2016 01: +0,11.541,128,Battle-Scarred,Covert
May 04 2016 01: +0,11.963,105,Battle-Scarred,Covert
May 05 2016 01: +0,11.808,103,Battle-Scarred,Covert
May 06 2016 01: +0,11.717,122,Battle-Scarred,Covert
May 07 2016 01: +0,11.567,143,Battle-Scarred,Covert
May 08 2016 01: +0,11.698,114,Battle-Scarred,Covert
May 09 2016 01: +0,11.582,100,Battle-Scarred,Covert
May 10 2016 01: +0,11.436,80,Battle-Scarred,Covert
May 11 2016 01: +0,11.464,113,Battle-Scarred,Covert
May 12 2016 01: +0,11.413,103,Battle-Scarred,Covert
May 13 2016 01: +0,11.022,118,Battle-Scarred,Covert
May 14 2016 01: +0,11.145,137,Battle-Scarred,Covert
May 15 2016 01: +0,11.032,102,Battle-Scarred,Covert
May 16 2016 01: +0,10.765,99,Battle-Scarred,Covert
May 17 2016 01: +0,10.354,97,Battle-Scarred,Covert
May 18 2016 01: +0,10.483,83,Battle-Scarred,Covert
May 19 2016 01: +0,10.09,108,Battle-Scarred,Covert
May 20 2016 01: +0,9.972,104,Battle-Scarred,Covert
May 21 2016 01: +0,10.442,129,Battle-Scarred,Covert
May 22 2016 01: +0,10.112,117,Battle-Scarred,Covert
May 23 2016 01: +0,10.028,103,Battle-Scarred,Covert
May 24 2016 01: +0,9.927,105,Battle-Scarred,Covert
May 25 2016 01: +0,10.184,98,Battle-Scarred,Covert
May 26 2016 01: +0,9.913,86,Battle-Scarred,Covert
May 27 2016 01: +0,10.001,102,Battle-Scarred,Covert
May 28 2016 01: +0,10.226,111,Battle-Scarred,Covert
May 29 2016 01: +0,10.119,109,Battle-Scarred,Covert
May 30 2016 01: +0,10.118,100,Battle-Scarred,Covert
May 31 2016 01: +0,9.887,124,Battle-Scarred,Covert
Jun 01 2016 01: +0,9.958,155,Battle-Scarred,Covert
Jun 02 2016 01: +0,9.898,134,Battle-Scarred,Covert
Jun 03 2016 01: +0,9.982,128,Battle-Scarred,Covert
Jun 04 2016 01: +0,9.961,132,Battle-Scarred,Covert
Jun 05 2016 01: +0,9.765,115,Battle-Scarred,Covert
Jun 06 2016 01: +0,9.487,124,Battle-Scarred,Covert
Jun 07 2016 01: +0,9.591,87,Battle-Scarred,Covert
Jun 08 2016 01: +0,9.675,94,Battle-Scarred,Covert
Jun 09 2016 01: +0,9.845,92,Battle-Scarred,Covert
Jun 10 2016 01: +0,9.985,105,Battle-Scarred,Covert
Jun 11 2016 01: +0,10.129,111,Battle-Scarred,Covert
Jun 12 2016 01: +0,9.714,100,Battle-Scarred,Covert
Jun 13 2016 01: +0,9.83,103,Battle-Scarred,Covert
Jun 14 2016 01: +0,9.377,110,Battle-Scarred,Covert
Jun 15 2016 01: +0,9.519,94,Battle-Scarred,Covert
Jun 16 2016 01: +0,9.802,132,Battle-Scarred,Covert
Jun 17 2016 01: +0,9.729,122,Battle-Scarred,Covert
Jun 18 2016 01: +0,9.584,133,Battle-Scarred,Covert
Jun 19 2016 01: +0,9.723,125,Battle-Scarred,Covert
Jun 20 2016 01: +0,9.579,125,Battle-Scarred,Covert
Jun 21 2016 01: +0,9.463,104,Battle-Scarred,Covert
Jun 22 2016 01: +0,9.031,114,Battle-Scarred,Covert
Jun 23 2016 01: +0,8.638,125,Battle-Scarred,Covert
Jun 24 2016 01: +0,7.911,160,Battle-Scarred,Covert
Jun 25 2016 01: +0,7.44,161,Battle-Scarred,Covert
Jun 26 2016 01: +0,7.336,159,Battle-Scarred,Covert
Jun 27 2016 01: +0,7.9,143,Battle-Scarred,Covert
Jun 28 2016 01: +0,8.026,136,Battle-Scarred,Covert
Jun 29 2016 01: +0,7.609,130,Battle-Scarred,Covert
Jun 30 2016 01: +0,7.782,134,Battle-Scarred,Covert
Jul 01 2016 01: +0,7.798,118,Battle-Scarred,Covert
Jul 02 2016 01: +0,7.489,139,Battle-Scarred,Covert
Jul 03 2016 01: +0,7.188,122,Battle-Scarred,Covert
Jul 04 2016 01: +0,7.458,147,Battle-Scarred,Covert
Jul 05 2016 01: +0,8.495,133,Battle-Scarred,Covert
Jul 06 2016 01: +0,9.053,144,Battle-Scarred,Covert
Jul 07 2016 01: +0,9.684,139,Battle-Scarred,Covert
Jul 08 2016 01: +0,9.571,141,Battle-Scarred,Covert
Jul 09 2016 01: +0,9.331,126,Battle-Scarred,Covert
Jul 10 2016 01: +0,9.035,130,Battle-Scarred,Covert
Jul 11 2016 01: +0,9.307,135,Battle-Scarred,Covert
Jul 12 2016 01: +0,9.792,130,Battle-Scarred,Covert
Jul 13 2016 01: +0,10.065,91,Battle-Scarred,Covert
Jul 14 2016 01: +0,9.712,120,Battle-Scarred,Covert
Jul 15 2016 01: +0,9.169,136,Battle-Scarred,Covert
Jul 16 2016 01: +0,9.369,105,Battle-Scarred,Covert
Jul 17 2016 01: +0,9.38,96,Battle-Scarred,Covert
Jul 18 2016 01: +0,9.496,130,Battle-Scarred,Covert
Jul 19 2016 01: +0,9.134,116,Battle-Scarred,Covert
Jul 20 2016 01: +0,9.412,109,Battle-Scarred,Covert
Jul 21 2016 01: +0,9.065,114,Battle-Scarred,Covert
Jul 22 2016 01: +0,9.029,91,Battle-Scarred,Covert
Jul 23 2016 01: +0,8.978,111,Battle-Scarred,Covert
Jul 24 2016 01: +0,8.918,109,Battle-Scarred,Covert
Jul 25 2016 01: +0,8.749,122,Battle-Scarred,Covert
Jul 26 2016 01: +0,9.029,108,Battle-Scarred,Covert
Jul 27 2016 01: +0,8.686,112,Battle-Scarred,Covert
Jul 28 2016 01: +0,8.593,115,Battle-Scarred,Covert
Jul 29 2016 01: +0,8.691,117,Battle-Scarred,Covert
Jul 30 2016 01: +0,9.223,110,Battle-Scarred,Covert
Jul 31 2016 01: +0,8.701,127,Battle-Scarred,Covert
Aug 01 2016 01: +0,8.731,113,Battle-Scarred,Covert
Aug 02 2016 01: +0,8.562,115,Battle-Scarred,Covert
Aug 03 2016 01: +0,8.677,111,Battle-Scarred,Covert
Aug 04 2016 01: +0,8.407,113,Battle-Scarred,Covert
Aug 05 2016 01: +0,8.543,106,Battle-Scarred,Covert
Aug 06 2016 01: +0,8.934,92,Battle-Scarred,Covert
Aug 07 2016 01: +0,8.962,91,Battle-Scarred,Covert
Aug 08 2016 01: +0,8.518,96,Battle-Scarred,Covert
Aug 09 2016 01: +0,8.395,101,Battle-Scarred,Covert
Aug 10 2016 01: +0,8.486,89,Battle-Scarred,Covert
Aug 11 2016 01: +0,8.105,101,Battle-Scarred,Covert
Aug 12 2016 01: +0,8.217,101,Battle-Scarred,Covert
Aug 13 2016 01: +0,8.246,93,Battle-Scarred,Covert
Aug 14 2016 01: +0,8.187,103,Battle-Scarred,Covert
Aug 15 2016 01: +0,8.354,101,Battle-Scarred,Covert
Aug 16 2016 01: +0,8.402,102,Battle-Scarred,Covert
Aug 17 2016 01: +0,8.495,115,Battle-Scarred,Covert
Aug 18 2016 01: +0,8.485,99,Battle-Scarred,Covert
Aug 19 2016 01: +0,8.413,142,Battle-Scarred,Covert
Aug 20 2016 01: +0,8.678,126,Battle-Scarred,Covert
Aug 21 2016 01: +0,8.49,104,Battle-Scarred,Covert
Aug 22 2016 01: +0,8.581,112,Battle-Scarred,Covert
Aug 23 2016 01: +0,8.174,117,Battle-Scarred,Covert
Aug 24 2016 01: +0,8.176,102,Battle-Scarred,Covert
Aug 25 2016 01: +0,8.378,105,Battle-Scarred,Covert
Aug 26 2016 01: +0,8.474,113,Battle-Scarred,Covert
Aug 27 2016 01: +0,8.636,145,Battle-Scarred,Covert
Aug 28 2016 01: +0,8.581,112,Battle-Scarred,Covert
Aug 29 2016 01: +0,8.759,102,Battle-Scarred,Covert
Aug 30 2016 01: +0,8.744,122,Battle-Scarred,Covert
Aug 31 2016 01: +0,9.043,131,Battle-Scarred,Covert
Sep 01 2016 01: +0,9.285,92,Battle-Scarred,Covert
Sep 02 2016 01: +0,9.555,112,Battle-Scarred,Covert
Sep 03 2016 01: +0,9.262,125,Battle-Scarred,Covert
Sep 04 2016 01: +0,8.841,113,Battle-Scarred,Covert
Sep 05 2016 01: +0,8.715,84,Battle-Scarred,Covert
Sep 06 2016 01: +0,9.033,90,Battle-Scarred,Covert
Sep 07 2016 01: +0,8.865,87,Battle-Scarred,Covert
Sep 08 2016 01: +0,9.097,79,Battle-Scarred,Covert
Sep 09 2016 01: +0,8.968,106,Battle-Scarred,Covert
Sep 10 2016 01: +0,8.951,116,Battle-Scarred,Covert
Sep 11 2016 01: +0,8.905,108,Battle-Scarred,Covert
Sep 12 2016 01: +0,8.877,97,Battle-Scarred,Covert
Sep 13 2016 01: +0,9.117,99,Battle-Scarred,Covert
Sep 14 2016 01: +0,8.963,67,Battle-Scarred,Covert
Sep 15 2016 01: +0,8.996,85,Battle-Scarred,Covert
Sep 16 2016 01: +0,9.089,116,Battle-Scarred,Covert
Sep 17 2016 01: +0,9.095,136,Battle-Scarred,Covert
Sep 18 2016 01: +0,9.122,111,Battle-Scarred,Covert
Sep 19 2016 01: +0,9.031,77,Battle-Scarred,Covert
Sep 20 2016 01: +0,9.286,82,Battle-Scarred,Covert
Sep 21 2016 01: +0,9.344,75,Battle-Scarred,Covert
Sep 22 2016 01: +0,9.158,84,Battle-Scarred,Covert
Sep 23 2016 01: +0,9.219,101,Battle-Scarred,Covert
Sep 24 2016 01: +0,9.136,104,Battle-Scarred,Covert
Sep 25 2016 01: +0,9.479,85,Battle-Scarred,Covert
Sep 26 2016 01: +0,9.201,88,Battle-Scarred,Covert
Sep 27 2016 01: +0,9.379,68,Battle-Scarred,Covert
Sep 28 2016 01: +0,9.295,67,Battle-Scarred,Covert
Sep 29 2016 01: +0,9.377,72,Battle-Scarred,Covert
Sep 30 2016 01: +0,9.335,95,Battle-Scarred,Covert
Oct 01 2016 01: +0,9.155,112,Battle-Scarred,Covert
Oct 02 2016 01: +0,9.384,80,Battle-Scarred,Covert
Oct 03 2016 01: +0,9.138,78,Battle-Scarred,Covert
Oct 04 2016 01: +0,8.982,75,Battle-Scarred,Covert
Oct 05 2016 01: +0,8.952,83,Battle-Scarred,Covert
Oct 06 2016 01: +0,8.907,86,Battle-Scarred,Covert
Oct 07 2016 01: +0,8.803,114,Battle-Scarred,Covert
Oct 08 2016 01: +0,9.224,102,Battle-Scarred,Covert
Oct 09 2016 01: +0,9.561,78,Battle-Scarred,Covert
Oct 10 2016 01: +0,8.939,80,Battle-Scarred,Covert
Oct 11 2016 01: +0,9.857,64,Battle-Scarred,Covert
Oct 12 2016 01: +0,9.178,59,Battle-Scarred,Covert
Oct 13 2016 01: +0,9.581,74,Battle-Scarred,Covert
Oct 14 2016 01: +0,9.54,80,Battle-Scarred,Covert
Oct 15 2016 01: +0,9.425,93,Battle-Scarred,Covert
Oct 16 2016 01: +0,9.832,87,Battle-Scarred,Covert
Oct 17 2016 01: +0,9.561,61,Battle-Scarred,Covert
Oct 18 2016 01: +0,9.459,48,Battle-Scarred,Covert
Oct 19 2016 01: +0,10.19,58,Battle-Scarred,Covert
Oct 20 2016 01: +0,9.619,65,Battle-Scarred,Covert
Oct 21 2016 01: +0,9.664,63,Battle-Scarred,Covert
Oct 22 2016 01: +0,9.703,77,Battle-Scarred,Covert
Oct 23 2016 01: +0,9.791,62,Battle-Scarred,Covert
Oct 24 2016 01: +0,9.534,72,Battle-Scarred,Covert
Oct 25 2016 01: +0,9.525,64,Battle-Scarred,Covert
Oct 26 2016 01: +0,9.498,60,Battle-Scarred,Covert
Oct 27 2016 01: +0,9.404,40,Battle-Scarred,Covert
Oct 28 2016 01: +0,8.508,80,Battle-Scarred,Covert
Oct 29 2016 01: +0,8.826,85,Battle-Scarred,Covert
Oct 30 2016 01: +0,8.289,81,Battle-Scarred,Covert
Oct 31 2016 01: +0,8.525,69,Battle-Scarred,Covert
Nov 01 2016 01: +0,8.906,59,Battle-Scarred,Covert
Nov 02 2016 01: +0,9.477,70,Battle-Scarred,Covert
Nov 03 2016 01: +0,9.923,45,Battle-Scarred,Covert
Nov 04 2016 01: +0,9.734,66,Battle-Scarred,Covert
Nov 05 2016 01: +0,10.159,73,Battle-Scarred,Covert
Nov 06 2016 01: +0,10.141,75,Battle-Scarred,Covert
Nov 07 2016 01: +0,10.668,44,Battle-Scarred,Covert
Nov 08 2016 01: +0,10.099,47,Battle-Scarred,Covert
Nov 09 2016 01: +0,10.022,50,Battle-Scarred,Covert
Nov 10 2016 01: +0,9.764,55,Battle-Scarred,Covert
Nov 11 2016 01: +0,10.139,60,Battle-Scarred,Covert
Nov 12 2016 01: +0,9.75,72,Battle-Scarred,Covert
Nov 13 2016 01: +0,9.932,60,Battle-Scarred,Covert
Nov 14 2016 01: +0,9.821,46,Battle-Scarred,Covert
Nov 15 2016 01: +0,9.993,57,Battle-Scarred,Covert
Nov 16 2016 01: +0,9.822,49,Battle-Scarred,Covert
Nov 17 2016 01: +0,9.76,53,Battle-Scarred,Covert
Nov 18 2016 01: +0,10.011,54,Battle-Scarred,Covert
Nov 19 2016 01: +0,9.906,65,Battle-Scarred,Covert
Nov 20 2016 01: +0,9.885,65,Battle-Scarred,Covert
Nov 21 2016 01: +0,9.378,42,Battle-Scarred,Covert
Nov 22 2016 01: +0,9.707,47,Battle-Scarred,Covert
Nov 23 2016 01: +0,9.579,48,Battle-Scarred,Covert
Nov 24 2016 01: +0,8.847,54,Battle-Scarred,Covert
Nov 25 2016 01: +0,8.633,85,Battle-Scarred,Covert
Nov 26 2016 01: +0,8.616,69,Battle-Scarred,Covert
Nov 27 2016 01: +0,8.659,74,Battle-Scarred,Covert
Nov 28 2016 01: +0,8.126,61,Battle-Scarred,Covert
Nov 29 2016 01: +0,8.8,67,Battle-Scarred,Covert
Nov 30 2016 01: +0,9.169,68,Battle-Scarred,Covert
Dec 01 2016 01: +0,9.436,72,Battle-Scarred,Covert
Dec 02 2016 01: +0,9.802,82,Battle-Scarred,Covert
Dec 03 2016 01: +0,10.643,61,Battle-Scarred,Covert
Dec 04 2016 01: +0,10.277,57,Battle-Scarred,Covert
Dec 05 2016 01: +0,10.383,53,Battle-Scarred,Covert
Dec 06 2016 01: +0,10.433,64,Battle-Scarred,Covert
Dec 07 2016 01: +0,10.545,58,Battle-Scarred,Covert
Dec 08 2016 01: +0,10.381,61,Battle-Scarred,Covert
Dec 09 2016 01: +0,10.601,59,Battle-Scarred,Covert
Dec 10 2016 01: +0,10.569,83,Battle-Scarred,Covert
Dec 11 2016 01: +0,10.35,67,Battle-Scarred,Covert
Dec 12 2016 01: +0,10.324,58,Battle-Scarred,Covert
Dec 13 2016 01: +0,10.287,56,Battle-Scarred,Covert
Dec 14 2016 01: +0,10.169,45,Battle-Scarred,Covert
Dec 15 2016 01: +0,9.945,45,Battle-Scarred,Covert
Dec 16 2016 01: +0,10.062,58,Battle-Scarred,Covert
Dec 17 2016 01: +0,10.177,54,Battle-Scarred,Covert
Dec 18 2016 01: +0,10.259,55,Battle-Scarred,Covert
Dec 19 2016 01: +0,10.096,55,Battle-Scarred,Covert
Dec 20 2016 01: +0,9.993,39,Battle-Scarred,Covert
Dec 21 2016 01: +0,10.051,44,Battle-Scarred,Covert
Dec 22 2016 01: +0,10.04,56,Battle-Scarred,Covert
Dec 23 2016 01: +0,8.924,73,Battle-Scarred,Covert
Dec 24 2016 01: +0,9.744,101,Battle-Scarred,Covert
Dec 25 2016 01: +0,10.6,109,Battle-Scarred,Covert
Dec 26 2016 01: +0,10.658,94,Battle-Scarred,Covert
Dec 27 2016 01: +0,10.93,89,Battle-Scarred,Covert
Dec 28 2016 01: +0,11.088,78,Battle-Scarred,Covert
Dec 29 2016 01: +0,10.982,69,Battle-Scarred,Covert
Dec 30 2016 01: +0,11.008,74,Battle-Scarred,Covert
Dec 31 2016 01: +0,11.04,84,Battle-Scarred,Covert
Jan 01 2017 01: +0,10.726,88,Battle-Scarred,Covert
Jan 02 2017 01: +0,10.461,89,Battle-Scarred,Covert
Jan 03 2017 01: +0,10.77,60,Battle-Scarred,Covert
Jan 04 2017 01: +0,11.671,73,Battle-Scarred,Covert
Jan 05 2017 01: +0,11.138,60,Battle-Scarred,Covert
Jan 06 2017 01: +0,11.463,59,Battle-Scarred,Covert
Jan 07 2017 01: +0,11.238,78,Battle-Scarred,Covert
Jan 08 2017 01: +0,11.182,65,Battle-Scarred,Covert
Jan 09 2017 01: +0,11.451,67,Battle-Scarred,Covert
Jan 10 2017 01: +0,11.772,61,Battle-Scarred,Covert
Jan 11 2017 01: +0,11.449,59,Battle-Scarred,Covert
Jan 12 2017 01: +0,11.441,47,Battle-Scarred,Covert
Jan 13 2017 01: +0,11.807,68,Battle-Scarred,Covert
Jan 14 2017 01: +0,11.762,73,Battle-Scarred,Covert
Jan 15 2017 01: +0,11.062,63,Battle-Scarred,Covert
Jan 16 2017 01: +0,11.378,50,Battle-Scarred,Covert
Jan 17 2017 01: +0,11.432,62,Battle-Scarred,Covert
Jan 18 2017 01: +0,11.077,63,Battle-Scarred,Covert
Jan 19 2017 01: +0,11.304,64,Battle-Scarred,Covert
Jan 20 2017 01: +0,10.78,70,Battle-Scarred,Covert
Jan 21 2017 01: +0,11.048,76,Battle-Scarred,Covert
Jan 22 2017 01: +0,10.952,98,Battle-Scarred,Covert
Jan 23 2017 01: +0,11.688,62,Battle-Scarred,Covert
Jan 24 2017 01: +0,11.609,77,Battle-Scarred,Covert
Jan 25 2017 01: +0,11.989,73,Battle-Scarred,Covert
Jan 26 2017 01: +0,12.179,81,Battle-Scarred,Covert
Jan 27 2017 01: +0,12.13,74,Battle-Scarred,Covert
Jan 28 2017 01: +0,12.239,88,Battle-Scarred,Covert
Jan 29 2017 01: +0,11.806,78,Battle-Scarred,Covert
Jan 30 2017 01: +0,11.861,77,Battle-Scarred,Covert
Jan 31 2017 01: +0,12.073,77,Battle-Scarred,Covert
Feb 01 2017 01: +0,12.452,81,Battle-Scarred,Covert
Feb 02 2017 01: +0,11.925,74,Battle-Scarred,Covert
Feb 03 2017 01: +0,12.145,79,Battle-Scarred,Covert
Feb 04 2017 01: +0,12.101,92,Battle-Scarred,Covert
Feb 05 2017 01: +0,11.992,68,Battle-Scarred,Covert
Feb 06 2017 01: +0,12.063,61,Battle-Scarred,Covert
Feb 07 2017 01: +0,11.851,70,Battle-Scarred,Covert
Feb 08 2017 01: +0,12.155,63,Battle-Scarred,Covert
Feb 09 2017 01: +0,12.14,66,Battle-Scarred,Covert
Feb 10 2017 01: +0,12.174,68,Battle-Scarred,Covert
Feb 11 2017 01: +0,12.617,89,Battle-Scarred,Covert
Feb 12 2017 01: +0,12.225,81,Battle-Scarred,Covert
Feb 13 2017 01: +0,12.265,82,Battle-Scarred,Covert
Feb 14 2017 01: +0,11.872,66,Battle-Scarred,Covert
Feb 15 2017 01: +0,11.997,62,Battle-Scarred,Covert
Feb 16 2017 01: +0,11.794,62,Battle-Scarred,Covert
Feb 17 2017 01: +0,11.596,75,Battle-Scarred,Covert
Feb 18 2017 01: +0,11.684,74,Battle-Scarred,Covert
Feb 19 2017 01: +0,11.723,103,Battle-Scarred,Covert
Feb 20 2017 01: +0,11.604,67,Battle-Scarred,Covert
Feb 21 2017 01: +0,11.191,72,Battle-Scarred,Covert
Feb 22 2017 01: +0,11.855,61,Battle-Scarred,Covert
Feb 23 2017 01: +0,12.315,44,Battle-Scarred,Covert
Feb 24 2017 01: +0,12.051,66,Battle-Scarred,Covert
Feb 25 2017 01: +0,12.163,70,Battle-Scarred,Covert
Feb 26 2017 01: +0,11.796,58,Battle-Scarred,Covert
Feb 27 2017 01: +0,11.4,74,Battle-Scarred,Covert
Feb 28 2017 01: +0,11.933,62,Battle-Scarred,Covert
Mar 01 2017 01: +0,11.785,67,Battle-Scarred,Covert
Mar 02 2017 01: +0,11.996,58,Battle-Scarred,Covert
Mar 03 2017 01: +0,11.802,69,Battle-Scarred,Covert
Mar 04 2017 01: +0,12.388,79,Battle-Scarred,Covert
Mar 05 2017 01: +0,12.151,54,Battle-Scarred,Covert
Mar 06 2017 01: +0,12.217,66,Battle-Scarred,Covert
Mar 07 2017 01: +0,12.543,58,Battle-Scarred,Covert
Mar 08 2017 01: +0,12.101,49,Battle-Scarred,Covert
Mar 09 2017 01: +0,12.441,52,Battle-Scarred,Covert
Mar 10 2017 01: +0,12.03,78,Battle-Scarred,Covert
Mar 11 2017 01: +0,12.356,75,Battle-Scarred,Covert
