Steam_scrapper/Database_of_items_price/AK-47 _ Vulcan Battle-Scarred.csv
Date,Price,Quantity Sold,exterior,rarity
Mar 12 2017 01: +0,12.229,66,Battle-Scarred,Covert
Mar 13 2017 01: +0,12.247,55,Battle-Scarred,Covert
Mar 14 2017 01: +0,12.868,54,Battle-Scarred,Covert
Mar 15 2017 01: +0,13.033,50,Battle-Scarred,Covert
Mar 16 2017 01: +0,12.615,57,Battle-Scarred,Covert
Mar 17 2017 01: +0,12.551,92,Battle-Scarred,Covert
Mar 18 2017 01: +0,12.674,62,Battle-Scarred,Covert
Mar 19 2017 01: +0,12.023,82,Battle-Scarred,Covert
Mar 20 2017 01: +0,12.092,74,Battle-Scarred,Covert
Mar 21 2017 01: +0,12.044,72,Battle-Scarred,Covert
Mar 22 2017 01: +0,11.778,71,Battle-Scarred,Covert
Mar 23 2017 01: +0,11.626,60,Battle-Scarred,Covert
Mar 24 2017 01: +0,11.903,71,Battle-Scarred,Covert
Mar 25 2017 01: +0,12.03,78,Battle-Scarred,Covert
Mar 26 2017 01: +0,11.801,68,Battle-Scarred,Covert
Mar 27 2017 01: +0,11.302,58,Battle-Scarred,Covert
Mar 28 2017 01: +0,11.653,47,Battle-Scarred,Covert
Mar 29 2017 01: +0,11.22,56,Battle-Scarred,Covert
Mar 30 2017 01: +0,10.991,72,Battle-Scarred,Covert
Mar 31 2017 01: +0,11.761,75,Battle-Scarred,Covert
Apr 01 2017 01: +0,11.902,68,Battle-Scarred,Covert
Apr 02 2017 01: +0,11.871,64,Battle-Scarred,Covert
Apr 03 2017 01: +0,11.549,61,Battle-Scarred,Covert
Apr 04 2017 01: +0,12.053,58,Battle-Scarred,Covert
Apr 05 2017 01: +0,11.991,58,Battle-Scarred,Covert
Apr 06 2017 01: +0,11.895,53,Battle-Scarred,Covert
Apr 07 2017 01: +0,11.568,67,Battle-Scarred,Covert
Apr 08 2017 01: +0,11.982,65,Battle-Scarred,Covert
Apr 09 2017 01: +0,11.632,72,Battle-Scarred,Covert
Apr 10 2017 01: +0,11.675,68,Battle-Scarred,Covert
Apr 11 2017 01: +0,12.047,62,Battle-Scarred,Covert
Apr 12 2017 01: +0,11.914,47,Battle-Scarred,Covert
Apr 13 2017 01: +0,12.179,49,Battle-Scarred,Covert
Apr 14 2017 01: +0,12.878,59,Battle-Scarred,Covert
Apr 15 2017 01: +0,12.769,59,Battle-Scarred,Covert
Apr 16 2017 01: +0,12.624,58,Battle-Scarred,Covert
Apr 17 2017 01: +0,12.534,48,Battle-Scarred,Covert
Apr 18 2017 01: +0,13.176,59,Battle-Scarred,Covert
Apr 19 2017 01: +0,12.71,65,Battle-Scarred,Covert
Apr 20 2017 01: +0,13.045,47,Battle-Scarred,Covert
Apr 21 2017 01: +0,12.36,47,Battle-Scarred,Covert
Apr 22 2017 01: +0,12.326,73,Battle-Scarred,Covert
Apr 23 2017 01: +0,13.082,55,Battle-Scarred,Covert
Apr 24 2017 01: +0,12.905,50,Battle-Scarred,Covert
Apr 25 2017 01: +0,12.705,48,Battle-Scarred,Covert
Apr 26 2017 01: +0,12.66,50,Battle-Scarred,Covert
Apr 27 2017 01: +0,12.538,39,Battle-Scarred,Covert
Apr 28 2017 01: +0,12.635,66,Battle-Scarred,Covert
Apr 29 2017 01: +0,12.756,54,Battle-Scarred,Covert
Apr 30 2017 01: +0,13.172,58,Battle-Scarred,Covert
May 01 2017 01: +0,13.113,38,Battle-Scarred,Covert
May 02 2017 01: +0,13.334,51,Battle-Scarred,Covert
May 03 2017 01: +0,14.249,44,Battle-Scarred,Covert
May 04 2017 01: +0,13.487,57,Battle-Scarred,Covert
May 05 2017 01: +0,12.718,53,Battle-Scarred,Covert
May 06 2017 01: +0,13.22,67,Battle-Scarred,Covert
May 07 2017 01: +0,13.257,68,Battle-Scarred,Covert
May 08 2017 01: +0,13.364,38,Battle-Scarred,Covert
May 09 2017 01: +0,13.373,30,Battle-Scarred,Covert
May 10 2017 01: +0,13.371,36,Battle-Scarred,Covert
May 11 2017 01: +0,13.241,41,Battle-Scarred,Covert
May 12 2017 01: +0,13.105,60,Battle-Scarred,Covert
May 13 2017 01: +0,13.283,53,Battle-Scarred,Covert
May 14 2017 01: +0,12.829,53,Battle-Scarred,Covert
May 15 2017 01: +0,13.138,52,Battle-Scarred,Covert
May 16 2017 01: +0,13.466,46,Battle-Scarred,Covert
May 17 2017 01: +0,13.569,33,Battle-Scarred,Covert
May 18 2017 01: +0,13.525,53,Battle-Scarred,Covert
May 19 2017 01: +0,14.025,36,Battle-Scarred,Covert
May 20 2017 01: +0,14.132,50,Battle-Scarred,Covert
May 21 2017 01: +0,13.587,57,Battle-Scarred,Covert
May 22 2017 01: +0,14.167,33,Battle-Scarred,Covert
May 23 2017 01: +0,14.053,35,Battle-Scarred,Covert
May 24 2017 01: +0,10.981,101,Battle-Scarred,Covert
May 25 2017 01: +0,11.317,72,Battle-Scarred,Covert
May 26 2017 01: +0,12.371,58,Battle-Scarred,Covert
May 27 2017 01: +0,12.523,60,Battle-Scarred,Covert
May 28 2017 01: +0,12.903,50,Battle-Scarred,Covert
May 29 2017 01: +0,12.66,51,Battle-Scarred,Covert
May 30 2017 01: +0,12.222,48,Battle-Scarred,Covert
May 31 2017 01: +0,12.15,57,Battle-Scarred,Covert
Jun 01 2017 01: +0,12.354,41,Battle-Scarred,Covert
Jun 02 2017 01: +0,12.714,54,Battle-Scarred,Covert
Jun 03 2017 01: +0,13.08,56,Battle-Scarred,Covert
Jun 04 2017 01: +0,12.963,48,Battle-Scarred,Covert
Jun 05 2017 01: +0,12.877,40,Battle-Scarred,Covert
Jun 06 2017 01: +0,12.643,46,Battle-Scarred,Covert
Jun 07 2017 01: +0,12.981,42,Battle-Scarred,Covert
Jun 08 2017 01: +0,13.201,50,Battle-Scarred,Covert
Jun 09 2017 01: +0,13.026,50,Battle-Scarred,Covert
Jun 10 2017 01: +0,12.732,56,Battle-Scarred,Covert
Jun 11 2017 01: +0,12.418,37,Battle-Scarred,Covert
Jun 12 2017 01: +0,12.181,50,Battle-Scarred,Covert
Jun 13 2017 01: +0,12.594,36,Battle-Scarred,Covert
Jun 14 2017 01: +0,12.765,44,Battle-Scarred,Covert
Jun 15 2017 01: +0,12.335,46,Battle-Scarred,Covert
Jun 16 2017 01: +0,12.058,47,Battle-Scarred,Covert
Jun 17 2017 01: +0,12.321,58,Battle-Scarred,Covert
Jun 18 2017 01: +0,12.707,32,Battle-Scarred,Covert
Jun 19 2017 01: +0,13.041,38,Battle-Scarred,Covert
Jun 20 2017 01: +0,12.922,39,Battle-Scarred,Covert
Jun 21 2017 01: +0,12.721,38,Battle-Scarred,Covert
Jun 22 2017 01: +0,12.163,43,Battle-Scarred,Covert
Jun 23 2017 01: +0,10.97,57,Battle-Scarred,Covert
Jun 24 2017 01: +0,10.862,42,Battle-Scarred,Covert
Jun 25 2017 01: +0,11.108,45,Battle-Scarred,Covert
Jun 26 2017 01: +0,11.419,49,Battle-Scarred,Covert
Jun 27 2017 01: +0,11.392,47,Battle-Scarred,Covert
Jun 28 2017 01: +0,11.879,47,Battle-Scarred,Covert
Jun 29 2017 01: +0,12.028,34,Battle-Scarred,Covert
Jun 30 2017 01: +0,12.882,53,Battle-Scarred,Covert
Jul 01 2017 01: +0,12.614,49,Battle-Scarred,Covert
Jul 02 2017 01: +0,12.712,31,Battle-Scarred,Covert
Jul 03 2017 01: +0,12.362,39,Battle-Scarred,Covert
Jul 04 2017 01: +0,12.481,44,Battle-Scarred,Covert
Jul 05 2017 01: +0,12.113,55,Battle-Scarred,Covert
Jul 06 2017 01: +0,12.585,37,Battle-Scarred,Covert
Jul 07 2017 01: +0,12.45,44,Battle-Scarred,Covert
Jul 08 2017 01: +0,12.654,46,Battle-Scarred,Covert
Jul 09 2017 01: +0,12.267,32,Battle-Scarred,Covert
Jul 10 2017 01: +0,13.257,47,Battle-Scarred,Covert
Jul 11 2017 01: +0,13.43,40,Battle-Scarred,Covert
Jul 12 2017 01: +0,13.841,41,Battle-Scarred,Covert
Jul 13 2017 01: +0,13.02,43,Battle-Scarred,Covert
Jul 14 2017 01: +0,13.481,36,Battle-Scarred,Covert
Jul 15 2017 01: +0,13.412,33,Battle-Scarred,Covert
Jul 16 2017 01: +0,13.438,38,Battle-Scarred,Covert
Jul 17 2017 01: +0,13.775,39,Battle-Scarred,Covert
Jul 18 2017 01: +0,14.125,35,Battle-Scarred,Covert
Jul 19 2017 01: +0,14.22,36,Battle-Scarred,Covert
Jul 20 2017 01: +0,14.42,46,Battle-Scarred,Covert
Jul 21 2017 01: +0,14.646,35,Battle-Scarred,Covert
Jul 22 2017 01: +0,14.971,41,Battle-Scarred,Covert
Jul 23 2017 01: +0,14.604,37,Battle-Scarred,Covert
Jul 24 2017 01: +0,14.251,42,Battle-Scarred,Covert
Jul 25 2017 01: +0,14.032,42,Battle-Scarred,Covert
Jul 26 2017 01: +0,14.597,40,Battle-Scarred,Covert
Jul 27 2017 01: +0,14.545,37,Battle-Scarred,Covert
Jul 28 2017 01: +0,15.058,48,Battle-Scarred,Covert
Jul 29 2017 01: +0,15.248,40,Battle-Scarred,Covert
Jul 30 2017 01: +0,15.282,32,Battle-Scarred,Covert
Jul 31 2017 01: +0,15.219,37,Battle-Scarred,Covert
Aug 01 2017 01: +0,14.934,49,Battle-Scarred,Covert
Aug 02 2017 01: +0,14.768,47,Battle-Scarred,Covert
Aug 03 2017 01: +0,14.881,37,Battle-Scarred,Covert
Aug 04 2017 01: +0,15.175,40,Battle-Scarred,Covert
Aug 05 2017 01: +0,15.387,45,Battle-Scarred,Covert
Aug 06 2017 01: +0,15.245,34,Battle-Scarred,Covert
Aug 07 2017 01: +0,15.327,37,Battle-Scarred,Covert
Aug 08 2017 01: +0,14.632,36,Battle-Scarred,Covert
Aug 09 2017 01: +0,15.443,24,Battle-Scarred,Covert
Aug 10 2017 01: +0,14.891,43,Battle-Scarred,Covert
Aug 11 2017 01: +0,15.377,35,Battle-Scarred,Covert
Aug 12 2017 01: +0,15.666,38,Battle-Scarred,Covert
Aug 13 2017 01: +0,16.239,31,Battle-Scarred,Covert
Aug 14 2017 01: +0,14.785,32,Battle-Scarred,Covert
Aug 15 2017 01: +0,15.347,44,Battle-Scarred,Covert
Aug 16 2017 01: +0,15.967,34,Battle-Scarred,Covert
Aug 17 2017 01: +0,15.017,35,Battle-Scarred,Covert
Aug 18 2017 01: +0,15.037,35,Battle-Scarred,Covert
Aug 19 2017 01: +0,14.959,33,Battle-Scarred,Covert
Aug 20 2017 01: +0,14.991,31,Battle-Scarred,Covert
Aug 21 2017 01: +0,15.206,37,Battle-Scarred,Covert
Aug 22 2017 01: +0,13.633,49,Battle-Scarred,Covert
Aug 23 2017 01: +0,14.197,41,Battle-Scarred,Covert
Aug 24 2017 01: +0,14.172,34,Battle-Scarred,Covert
Aug 25 2017 01: +0,14.414,45,Battle-Scarred,Covert
Aug 26 2017 01: +0,14.641,44,Battle-Scarred,Covert
Aug 27 2017 01: +0,14.427,31,Battle-Scarred,Covert
Aug 28 2017 01: +0,14.579,45,Battle-Scarred,Covert
Aug 29 2017 01: +0,15.014,31,Battle-Scarred,Covert
Aug 30 2017 01: +0,14.423,44,Battle-Scarred,Covert
Aug 31 2017 01: +0,14.791,37,Battle-Scarred,Covert
Sep 01 2017 01: +0,14.892,37,Battle-Scarred,Covert
Sep 02 2017 01: +0,15.05,41,Battle-Scarred,Covert
Sep 03 2017 01: +0,14.636,33,Battle-Scarred,Covert
Sep 04 2017 01: +0,14.662,39,Battle-Scarred,Covert
Sep 05 2017 01: +0,14.854,33,Battle-Scarred,Covert
Sep 06 2017 01: +0,16.163,24,Battle-Scarred,Covert
Sep 07 2017 01: +0,15.048,28,Battle-Scarred,Covert
Sep 08 2017 01: +0,15.201,37,Battle-Scarred,Covert
Sep 09 2017 01: +0,14.963,45,Battle-Scarred,Covert
Sep 10 2017 01: +0,15.243,32,Battle-Scarred,Covert
Sep 11 2017 01: +0,15.146,28,Battle-Scarred,Covert
Sep 12 2017 01: +0,14.749,27,Battle-Scarred,Covert
Sep 13 2017 01: +0,14.77,32,Battle-Scarred,Covert
Sep 14 2017 01: +0,14.809,25,Battle-Scarred,Covert
Sep 15 2017 01: +0,14.825,31,Battle-Scarred,Covert
Sep 16 2017 01: +0,14.714,46,Battle-Scarred,Covert
Sep 17 2017 01: +0,14.643,47,Battle-Scarred,Covert
Sep 18 2017 01: +0,14.595,34,Battle-Scarred,Covert
Sep 19 2017 01: +0,14.827,27,Battle-Scarred,Covert
Sep 20 2017 01: +0,14.084,33,Battle-Scarred,Covert
Sep 21 2017 01: +0,14.669,33,Battle-Scarred,Covert
Sep 22 2017 01: +0,14.785,36,Battle-Scarred,Covert
Sep 23 2017 01: +0,14.495,37,Battle-Scarred,Covert
Sep 24 2017 01: +0,14.475,37,Battle-Scarred,Covert
Sep 25 2017 01: +0,14.662,36,Battle-Scarred,Covert
Sep 26 2017 01: +0,14.842,30,Battle-Scarred,Covert
Sep 27 2017 01: +0,14.829,33,Battle-Scarred,Covert
Sep 28 2017 01: +0,14.538,32,Battle-Scarred,Covert
Sep 29 2017 01: +0,15.017,33,Battle-Scarred,Covert
Sep 30 2017 01: +0,13.648,41,Battle-Scarred,Covert
Oct 01 2017 01: +0,14.342,43,Battle-Scarred,Covert
Oct 02 2017 01: +0,14.635,35,Battle-Scarred,Covert
Oct 03 2017 01: +0,14.494,20,Battle-Scarred,Covert
Oct 04 2017 01: +0,14.238,32,Battle-Scarred,Covert
Oct 05 2017 01: +0,14.038,35,Battle-Scarred,Covert
Oct 06 2017 01: +0,14.93,33,Battle-Scarred,Covert
Oct 07 2017 01: +0,14.376,52,Battle-Scarred,Covert
Oct 08 2017 01: +0,15.108,39,Battle-Scarred,Covert
Oct 09 2017 01: +0,14.365,31,Battle-Scarred,Covert
Oct 10 2017 01: +0,15.013,27,Battle-Scarred,Covert
Oct 11 2017 01: +0,14.546,31,Battle-Scarred,Covert
Oct 12 2017 01: +0,14.426,21,Battle-Scarred,Covert
Oct 13 2017 01: +0,14.128,26,Battle-Scarred,Covert
Oct 14 2017 01: +0,14.265,29,Battle-Scarred,Covert
Oct 15 2017 01: +0,14.282,35,Battle-Scarred,Covert
Oct 16 2017 01: +0,14.778,29,Battle-Scarred,Covert
Oct 17 2017 01: +0,14.817,30,Battle-Scarred,Covert
Oct 18 2017 01: +0,13.763,29,Battle-Scarred,Covert
Oct 19 2017 01: +0,14.014,26,Battle-Scarred,Covert
Oct 20 2017 01: +0,13.893,25,Battle-Scarred,Covert
Oct 21 2017 01: +0,14.33,40,Battle-Scarred,Covert
Oct 22 2017 01: +0,14.01,30,Battle-Scarred,Covert
Oct 23 2017 01: +0,13.719,36,Battle-Scarred,Covert
Oct 24 2017 01: +0,14.623,29,Battle-Scarred,Covert
Oct 25 2017 01: +0,14.414,20,Battle-Scarred,Covert
Oct 26 2017 01: +0,13.663,28,Battle-Scarred,Covert
Oct 27 2017 01: +0,13.709,31,Battle-Scarred,Covert
Oct 28 2017 01: +0,13.448,34,Battle-Scarred,Covert
Oct 29 2017 01: +0,13.276,29,Battle-Scarred,Covert
Oct 30 2017 01: +0,13.637,29,Battle-Scarred,Covert
Oct 31 2017 01: +0,13.434,30,Battle-Scarred,Covert
Nov 01 2017 01: +0,13.681,17,Battle-Scarred,Covert
Nov 02 2017 01: +0,13.401,33,Battle-Scarred,Covert
Nov 03 2017 01: +0,13.03,41,Battle-Scarred,Covert
Nov 04 2017 01: +0,13.67,35,Battle-Scarred,Covert
Nov 05 2017 01: +0,13.559,26,Battle-Scarred,Covert
Nov 06 2017 01: +0,13.802,25,Battle-Scarred,Covert
Nov 07 2017 01: +0,13.891,17,Battle-Scarred,Covert
Nov 08 2017 01: +0,13.358,23,Battle-Scarred,Covert
Nov 09 2017 01: +0,13.319,26,Battle-Scarred,Covert
Nov 10 2017 01: +0,13.919,38,Battle-Scarred,Covert
Nov 11 2017 01: +0,14.364,27,Battle-Scarred,Covert
Nov 12 2017 01: +0,14.065,22,Battle-Scarred,Covert
Nov 13 2017 01: +0,14.252,18,Battle-Scarred,Covert
Nov 14 2017 01: +0,13.358,19,Battle-Scarred,Covert
Nov 15 2017 01: +0,13.639,16,Battle-Scarred,Covert
Nov 16 2017 01: +0,12.96,20,Battle-Scarred,Covert
Nov 17 2017 01: +0,13.309,26,Battle-Scarred,Covert
Nov 18 2017 01: +0,13.716,36,Battle-Scarred,Covert
Nov 19 2017 01: +0,13.541,28,Battle-Scarred,Covert
Nov 20 2017 01: +0,13.343,21,Battle-Scarred,Covert
Nov 21 2017 01: +0,13.916,36,Battle-Scarred,Covert
Nov 22 2017 01: +0,13.395,16,Battle-Scarred,Covert
Nov 23 2017 01: +0,12.027,31,Battle-Scarred,Covert
Nov 24 2017 01: +0,12.515,36,Battle-Scarred,Covert
Nov 25 2017 01: +0,12.682,30,Battle-Scarred,Covert
Nov 26 2017 01: +0,12.044,32,Battle-Scarred,Covert
Nov 27 2017 01: +0,12.05,27,Battle-Scarred,Covert
Nov 28 2017 01: +0,12.203,28,Battle-Scarred,Covert
Nov 29 2017 01: +0,15.122,17,Battle-Scarred,Covert
Nov 30 2017 01: +0,13.29,36,Battle-Scarred,Covert
Dec 01 2017 01: +0,12.99,38,Battle-Scarred,Covert
Dec 02 2017 01: +0,12.684,40,Battle-Scarred,Covert
Dec 03 2017 01: +0,13.129,36,Battle-Scarred,Covert
Dec 04 2017 01: +0,13.412,29,Battle-Scarred,Covert
Dec 05 2017 01: +0,13.714,24,Battle-Scarred,Covert
Dec 06 2017 01: +0,14.197,30,Battle-Scarred,Covert
Dec 07 2017 01: +0,14.307,27,Battle-Scarred,Covert
Dec 08 2017 01: +0,14.282,24,Battle-Scarred,Covert
Dec 09 2017 01: +0,13.898,37,Battle-Scarred,Covert
Dec 10 2017 01: +0,13.299,27,Battle-Scarred,Covert
Dec 11 2017 01: +0,13.342,31,Battle-Scarred,Covert
Dec 12 2017 01: +0,13.941,21,Battle-Scarred,Covert
Dec 13 2017 01: +0,14.556,20,Battle-Scarred,Covert
Dec 14 2017 01: +0,14.137,22,Battle-Scarred,Covert
Dec 15 2017 01: +0,13.944,26,Battle-Scarred,Covert
Dec 16 2017 01: +0,13.599,19,Battle-Scarred,Covert
Dec 17 2017 01: +0,14.012,25,Battle-Scarred,Covert
Dec 18 2017 01: +0,14.766,21,Battle-Scarred,Covert
Dec 19 2017 01: +0,14.4,17,Battle-Scarred,Covert
Dec 20 2017 01: +0,13.591,28,Battle-Scarred,Covert
Dec 21 2017 01: +0,13.393,36,Battle-Scarred,Covert
Dec 22 2017 01: +0,13.074,31,Battle-Scarred,Covert
Dec 23 2017 01: +0,12.932,44,Battle-Scarred,Covert
Dec 24 2017 01: +0,13.146,53,Battle-Scarred,Covert
Dec 25 2017 01: +0,15.372,64,Battle-Scarred,Covert
Dec 26 2017 01: +0,16.793,46,Battle-Scarred,Covert
Dec 27 2017 01: +0,16.492,47,Battle-Scarred,Covert
Dec 28 2017 01: +0,16.445,33,Battle-Scarred,Covert
Dec 29 2017 01: +0,16.396,27,Battle-Scarred,Covert
Dec 30 2017 01: +0,16.509,42,Battle-Scarred,Covert
Dec 31 2017 01: +0,15.22,35,Battle-Scarred,Covert
Jan 01 2018 01: +0,15.415,32,Battle-Scarred,Covert
Jan 02 2018 01: +0,16.064,41,Battle-Scarred,Covert
Jan 03 2018 01: +0,16.076,34,Battle-Scarred,Covert
Jan 04 2018 01: +0,15.988,35,Battle-Scarred,Covert
Jan 05 2018 01: +0,14.978,30,Battle-Scarred,Covert
Jan 06 2018 01: +0,15.538,44,Battle-Scarred,Covert
Jan 07 2018 01: +0,16.111,28,Battle-Scarred,Covert
Jan 08 2018 01: +0,15.797,31,Battle-Scarred,Covert
Jan 09 2018 01: +0,16.07,21,Battle-Scarred,Covert
Jan 10 2018 01: +0,16.627,22,Battle-Scarred,Covert
Jan 11 2018 01: +0,17.252,27,Battle-Scarred,Covert
Jan 12 2018 01: +0,16.507,24,Battle-Scarred,Covert
Jan 13 2018 01: +0,16.605,32,Battle-Scarred,Covert
Jan 14 2018 01: +0,16.263,31,Battle-Scarred,Covert
Jan 15 2018 01: +0,17.147,34,Battle-Scarred,Covert
Jan 16 2018 01: +0,17.305,32,Battle-Scarred,Covert
Jan 17 2018 01: +0,17.045,22,Battle-Scarred,Covert
Jan 18 2018 01: +0,16.471,28,Battle-Scarred,Covert
Jan 19 2018 01: +0,17.015,29,Battle-Scarred,Covert
Jan 20 2018 01: +0,15.993,30,Battle-Scarred,Covert
Jan 21 2018 01: +0,16.851,28,Battle-Scarred,Covert
Jan 22 2018 01: +0,17.041,32,Battle-Scarred,Covert
Jan 23 2018 01: +0,17.965,18,Battle-Scarred,Covert
Jan 24 2018 01: +0,16.789,25,Battle-Scarred,Covert
Jan 25 2018 01: +0,16.644,30,Battle-Scarred,Covert
Jan 26 2018 01: +0,17.016,24,Battle-Scarred,Covert
Jan 27 2018 01: +0,17.012,31,Battle-Scarred,Covert
Jan 28 2018 01: +0,17.296,31,Battle-Scarred,Covert
Jan 29 2018 01: +0,17.27,32,Battle-Scarred,Covert
Jan 30 2018 01: +0,17.619,18,Battle-Scarred,Covert
Jan 31 2018 01: +0,16.665,22,Battle-Scarred,Covert
Feb 01 2018 01: +0,16.939,41,Battle-Scarred,Covert
Feb 02 2018 01: +0,17.159,24,Battle-Scarred,Covert
Feb 03 2018 01: +0,17.051,30,Battle-Scarred,Covert
Feb 04 2018 01: +0,16.893,31,Battle-Scarred,Covert
Feb 05 2018 01: +0,15.849,19,Battle-Scarred,Covert
Feb 06 2018 01: +0,15.989,25,Battle-Scarred,Covert
Feb 07 2018 01: +0,16.977,25,Battle-Scarred,Covert
Feb 08 2018 01: +0,16.846,20,Battle-Scarred,Covert
Feb 09 2018 01: +0,15.897,24,Battle-Scarred,Covert
Feb 10 2018 01: +0,16.933,29,Battle-Scarred,Covert
Feb 11 2018 01: +0,17.029,21,Battle-Scarred,Covert
Feb 12 2018 01: +0,16.776,22,Battle-Scarred,Covert
Feb 13 2018 01: +0,16.823,18,Battle-Scarred,Covert
Feb 14 2018 01: +0,16.802,27,Battle-Scarred,Covert
Feb 15 2018 01: +0,16.242,16,Battle-Scarred,Covert
Feb 16 2018 01: +0,16.369,44,Battle-Scarred,Covert
Feb 17 2018 01: +0,16.297,52,Battle-Scarred,Covert
Feb 18 2018 01: +0,16.459,32,Battle-Scarred,Covert
Feb 19 2018 01: +0,16.123,40,Battle-Scarred,Covert
Feb 20 2018 01: +0,16.403,21,Battle-Scarred,Covert
Feb 21 2018 01: +0,16.829,27,Battle-Scarred,Covert
Feb 22 2018 01: +0,16.035,33,Battle-Scarred,Covert
Feb 23 2018 01: +0,17.062,30,Battle-Scarred,Covert
Feb 24 2018 01: +0,16.203,30,Battle-Scarred,Covert
Feb 25 2018 01: +0,16.768,22,Battle-Scarred,Covert
