Steam_scrapper/Database_of_items_price/AK-47 _ Vulcan Battle-Scarred.csv
Date,Price,Quantity Sold,exterior,rarity
Jan 14 2021 01: +0,39.805,23,Battle-Scarred,Covert
Jan 15 2021 01: +0,39.954,30,Battle-Scarred,Covert
Jan 16 2021 01: +0,39.603,21,Battle-Scarred,Covert
Jan 17 2021 01: +0,38.906,16,Battle-Scarred,Covert
Jan 18 2021 01: +0,39.856,16,Battle-Scarred,Covert
Jan 19 2021 01: +0,37.878,13,Battle-Scarred,Covert
Jan 20 2021 01: +0,38.024,19,Battle-Scarred,Covert
Jan 21 2021 01: +0,37.449,14,Battle-Scarred,Covert
Jan 22 2021 01: +0,36.78,19,Battle-Scarred,Covert
Jan 23 2021 01: +0,36.194,24,Battle-Scarred,Covert
Jan 24 2021 01: +0,36.134,22,Battle-Scarred,Covert
Jan 25 2021 01: +0,36.428,17,Battle-Scarred,Covert
Jan 26 2021 01: +0,35.503,20,Battle-Scarred,Covert
Jan 27 2021 01: +0,35.959,25,Battle-Scarred,Covert
Jan 28 2021 01: +0,35.118,29,Battle-Scarred,Covert
Jan 29 2021 01: +0,33.352,13,Battle-Scarred,Covert
Jan 30 2021 01: +0,33.123,21,Battle-Scarred,Covert
Jan 31 2021 01: +0,33.616,22,Battle-Scarred,Covert
Feb 01 2021 01: +0,33.669,19,Battle-Scarred,Covert
Feb 02 2021 01: +0,34.584,11,Battle-Scarred,Covert
Feb 03 2021 01: +0,33.813,16,Battle-Scarred,Covert
Feb 04 2021 01: +0,31.887,17,Battle-Scarred,Covert
Feb 05 2021 01: +0,32.427,21,Battle-Scarred,Covert
Feb 06 2021 01: +0,33.749,21,Battle-Scarred,Covert
Feb 07 2021 01: +0,33.889,13,Battle-Scarred,Covert
Feb 08 2021 01: +0,34.221,15,Battle-Scarred,Covert
Feb 09 2021 01: +0,33.478,24,Battle-Scarred,Covert
Feb 10 2021 01: +0,33.187,14,Battle-Scarred,Covert
Feb 11 2021 01: +0,33.874,16,Battle-Scarred,Covert
Feb 12 2021 01: +0,33.284,13,Battle-Scarred,Covert
Feb 13 2021 01: +0,35.062,11,Battle-Scarred,Covert
Feb 14 2021 01: +0,33.54,17,Battle-Scarred,Covert
Feb 15 2021 01: +0,32.792,18,Battle-Scarred,Covert
Feb 16 2021 01: +0,32.695,15,Battle-Scarred,Covert
Feb 17 2021 01: +0,32.025,14,Battle-Scarred,Covert
Feb 18 2021 01: +0,35.116,19,Battle-Scarred,Covert
Feb 19 2021 01: +0,34.082,18,Battle-Scarred,Covert
Feb 20 2021 01: +0,35.75,20,Battle-Scarred,Covert
Feb 21 2021 01: +0,35.967,16,Battle-Scarred,Covert
Feb 22 2021 01: +0,34.28,13,Battle-Scarred,Covert
Feb 23 2021 01: +0,34.202,16,Battle-Scarred,Covert
Feb 24 2021 01: +0,34.101,19,Battle-Scarred,Covert
Feb 25 2021 01: +0,35.216,24,Battle-Scarred,Covert
Feb 26 2021 01: +0,36.831,23,Battle-Scarred,Covert
Feb 27 2021 01: +0,35.894,17,Battle-Scarred,Covert
Feb 28 2021 01: +0,34.677,24,Battle-Scarred,Covert
Mar 01 2021 01: +0,35.789,13,Battle-Scarred,Covert
Mar 02 2021 01: +0,36.319,17,Battle-Scarred,Covert
Mar 03 2021 01: +0,36.66,14,Battle-Scarred,Covert
Mar 04 2021 01: +0,38.206,22,Battle-Scarred,Covert
Mar 05 2021 01: +0,37.949,9,Battle-Scarred,Covert
Mar 06 2021 01: +0,39.53,22,Battle-Scarred,Covert
Mar 07 2021 01: +0,37.668,20,Battle-Scarred,Covert
Mar 08 2021 01: +0,37.919,12,Battle-Scarred,Covert
Mar 09 2021 01: +0,38.542,17,Battle-Scarred,Covert
Mar 10 2021 01: +0,38.454,10,Battle-Scarred,Covert
Mar 11 2021 01: +0,38.196,24,Battle-Scarred,Covert
Mar 12 2021 01: +0,39.568,30,Battle-Scarred,Covert
Mar 13 2021 01: +0,39.089,19,Battle-Scarred,Covert
Mar 14 2021 01: +0,40.104,22,Battle-Scarred,Covert
Mar 15 2021 01: +0,53.626,20,Battle-Scarred,Covert
Mar 16 2021 01: +0,43.171,16,Battle-Scarred,Covert
Mar 17 2021 01: +0,39.365,15,Battle-Scarred,Covert
Mar 18 2021 01: +0,40.225,12,Battle-Scarred,Covert
Mar 19 2021 01: +0,41.169,20,Battle-Scarred,Covert
Mar 20 2021 01: +0,40.273,15,Battle-Scarred,Covert
Mar 21 2021 01: +0,41.939,19,Battle-Scarred,Covert
Mar 22 2021 01: +0,40.164,9,Battle-Scarred,Covert
Mar 23 2021 01: +0,42.156,14,Battle-Scarred,Covert
Mar 24 2021 01: +0,41.948,19,Battle-Scarred,Covert
Mar 25 2021 01: +0,41.952,14,Battle-Scarred,Covert
Mar 26 2021 01: +0,42.551,19,Battle-Scarred,Covert
Mar 27 2021 01: +0,42.497,19,Battle-Scarred,Covert
Mar 28 2021 01: +0,43.438,14,Battle-Scarred,Covert
Mar 29 2021 01: +0,43.969,10,Battle-Scarred,Covert
Mar 30 2021 01: +0,43.854,19,Battle-Scarred,Covert
Mar 31 2021 01: +0,44.993,16,Battle-Scarred,Covert
Apr 01 2021 01: +0,42.465,9,Battle-Scarred,Covert
Apr 02 2021 01: +0,44.38,18,Battle-Scarred,Covert
Apr 03 2021 01: +0,43.876,15,Battle-Scarred,Covert
Apr 04 2021 01: +0,44.059,13,Battle-Scarred,Covert
Apr 05 2021 01: +0,43.976,17,Battle-Scarred,Covert
Apr 06 2021 01: +0,43.774,10,Battle-Scarred,Covert
Apr 07 2021 01: +0,41.105,15,Battle-Scarred,Covert
Apr 08 2021 01: +0,39.668,16,Battle-Scarred,Covert
Apr 09 2021 01: +0,40.724,25,Battle-Scarred,Covert
Apr 10 2021 01: +0,40.524,20,Battle-Scarred,Covert
Apr 11 2021 01: +0,40.258,13,Battle-Scarred,Covert
Apr 12 2021 01: +0,40.337,13,Battle-Scarred,Covert
Apr 13 2021 01: +0,43.009,32,Battle-Scarred,Covert
Apr 14 2021 01: +0,38.038,5,Battle-Scarred,Covert
Apr 15 2021 01: +0,38.2,30,Battle-Scarred,Covert
Apr 16 2021 01: +0,42.172,12,Battle-Scarred,Covert
Apr 17 2021 01: +0,41.213,17,Battle-Scarred,Covert
Apr 18 2021 01: +0,43.754,10,Battle-Scarred,Covert
Apr 19 2021 01: +0,39.621,12,Battle-Scarred,Covert
Apr 20 2021 01: +0,39.909,18,Battle-Scarred,Covert
Apr 21 2021 01: +0,39.622,12,Battle-Scarred,Covert
Apr 22 2021 01: +0,41.014,8,Battle-Scarred,Covert
Apr 23 2021 01: +0,39.741,9,Battle-Scarred,Covert
Apr 24 2021 01: +0,41.378,12,Battle-Scarred,Covert
Apr 25 2021 01: +0,39.577,13,Battle-Scarred,Covert
Apr 26 2021 01: +0,41.37,6,Battle-Scarred,Covert
Apr 27 2021 01: +0,40.113,10,Battle-Scarred,Covert
Apr 28 2021 01: +0,40.758,16,Battle-Scarred,Covert
Apr 29 2021 01: +0,39.913,11,Battle-Scarred,Covert
Apr 30 2021 01: +0,40.385,12,Battle-Scarred,Covert
May 01 2021 01: +0,40.09,11,Battle-Scarred,Covert
May 02 2021 01: +0,39.084,14,Battle-Scarred,Covert
May 03 2021 01: +0,38.616,16,Battle-Scarred,Covert
May 04 2021 01: +0,37.738,18,Battle-Scarred,Covert
May 05 2021 01: +0,39.735,20,Battle-Scarred,Covert
May 06 2021 01: +0,39.242,17,Battle-Scarred,Covert
May 07 2021 01: +0,39.882,17,Battle-Scarred,Covert
May 08 2021 01: +0,42.083,13,Battle-Scarred,Covert
May 09 2021 01: +0,39.593,11,Battle-Scarred,Covert
May 10 2021 01: +0,40.322,14,Battle-Scarred,Covert
May 11 2021 01: +0,41.0,15,Battle-Scarred,Covert
May 12 2021 01: +0,41.128,11,Battle-Scarred,Covert
May 13 2021 01: +0,39.529,16,Battle-Scarred,Covert
May 14 2021 01: +0,40.519,11,Battle-Scarred,Covert
May 15 2021 01: +0,40.588,10,Battle-Scarred,Covert
May 16 2021 01: +0,42.773,12,Battle-Scarred,Covert
May 17 2021 01: +0,42.294,12,Battle-Scarred,Covert
May 18 2021 01: +0,41.317,16,Battle-Scarred,Covert
May 19 2021 01: +0,38.089,8,Battle-Scarred,Covert
May 20 2021 01: +0,40.821,18,Battle-Scarred,Covert
May 21 2021 01: +0,40.801,17,Battle-Scarred,Covert
May 22 2021 01: +0,40.679,8,Battle-Scarred,Covert
May 23 2021 01: +0,40.159,19,Battle-Scarred,Covert
May 24 2021 01: +0,40.837,16,Battle-Scarred,Covert
May 25 2021 01: +0,40.462,15,Battle-Scarred,Covert
May 26 2021 01: +0,40.976,17,Battle-Scarred,Covert
May 27 2021 01: +0,40.962,15,Battle-Scarred,Covert
May 28 2021 01: +0,41.647,15,Battle-Scarred,Covert
May 29 2021 01: +0,41.02,21,Battle-Scarred,Covert
May 30 2021 01: +0,42.012,12,Battle-Scarred,Covert
May 31 2021 01: +0,41.722,16,Battle-Scarred,Covert
Jun 01 2021 01: +0,42.187,12,Battle-Scarred,Covert
Jun 02 2021 01: +0,42.371,7,Battle-Scarred,Covert
Jun 03 2021 01: +0,44.156,14,Battle-Scarred,Covert
Jun 04 2021 01: +0,45.101,13,Battle-Scarred,Covert
Jun 05 2021 01: +0,38.843,19,Battle-Scarred,Covert
Jun 06 2021 01: +0,42.75,8,Battle-Scarred,Covert
Jun 07 2021 01: +0,41.206,18,Battle-Scarred,Covert
Jun 08 2021 01: +0,40.621,10,Battle-Scarred,Covert
Jun 09 2021 01: +0,42.426,12,Battle-Scarred,Covert
Jun 10 2021 01: +0,44.447,7,Battle-Scarred,Covert
Jun 11 2021 01: +0,41.456,9,Battle-Scarred,Covert
Jun 12 2021 01: +0,41.698,18,Battle-Scarred,Covert
Jun 13 2021 01: +0,44.625,12,Battle-Scarred,Covert
Jun 14 2021 01: +0,43.307,8,Battle-Scarred,Covert
Jun 15 2021 01: +0,41.904,11,Battle-Scarred,Covert
Jun 16 2021 01: +0,44.403,11,Battle-Scarred,Covert
Jun 17 2021 01: +0,44.628,12,Battle-Scarred,Covert
Jun 18 2021 01: +0,42.349,9,Battle-Scarred,Covert
Jun 19 2021 01: +0,42.679,12,Battle-Scarred,Covert
Jun 20 2021 01: +0,42.819,14,Battle-Scarred,Covert
Jun 21 2021 01: +0,44.19,8,Battle-Scarred,Covert
Jun 22 2021 01: +0,42.404,5,Battle-Scarred,Covert
Jun 23 2021 01: +0,42.088,14,Battle-Scarred,Covert
Jun 24 2021 01: +0,39.297,18,Battle-Scarred,Covert
Jun 25 2021 01: +0,39.396,14,Battle-Scarred,Covert
Jun 26 2021 01: +0,39.32,17,Battle-Scarred,Covert
Jun 27 2021 01: +0,39.077,11,Battle-Scarred,Covert
Jun 28 2021 01: +0,38.264,16,Battle-Scarred,Covert
Jun 29 2021 01: +0,37.538,14,Battle-Scarred,Covert
Jun 30 2021 01: +0,39.255,15,Battle-Scarred,Covert
Jul 01 2021 01: +0,40.046,16,Battle-Scarred,Covert
Jul 02 2021 01: +0,40.484,14,Battle-Scarred,Covert
Jul 03 2021 01: +0,39.166,15,Battle-Scarred,Covert
Jul 04 2021 01: +0,40.658,7,Battle-Scarred,Covert
Jul 05 2021 01: +0,40.538,8,Battle-Scarred,Covert
Jul 06 2021 01: +0,38.881,11,Battle-Scarred,Covert
Jul 07 2021 01: +0,38.6,12,Battle-Scarred,Covert
Jul 08 2021 01: +0,38.76,13,Battle-Scarred,Covert
Jul 09 2021 01: +0,39.314,13,Battle-Scarred,Covert
Jul 10 2021 01: +0,39.703,15,Battle-Scarred,Covert
Jul 11 2021 01: +0,41.106,7,Battle-Scarred,Covert
Jul 12 2021 01: +0,40.791,10,Battle-Scarred,Covert
Jul 13 2021 01: +0,36.749,8,Battle-Scarred,Covert
Jul 14 2021 01: +0,37.784,20,Battle-Scarred,Covert
Jul 15 2021 01: +0,39.489,8,Battle-Scarred,Covert
Jul 16 2021 01: +0,37.835,9,Battle-Scarred,Covert
Jul 17 2021 01: +0,39.755,12,Battle-Scarred,Covert
Jul 18 2021 01: +0,40.058,12,Battle-Scarred,Covert
Jul 19 2021 01: +0,39.43,10,Battle-Scarred,Covert
Jul 20 2021 01: +0,38.908,12,Battle-Scarred,Covert
Jul 21 2021 01: +0,39.506,10,Battle-Scarred,Covert
Jul 22 2021 01: +0,41.272,7,Battle-Scarred,Covert
Jul 23 2021 01: +0,40.869,11,Battle-Scarred,Covert
Jul 24 2021 01: +0,43.625,10,Battle-Scarred,Covert
Jul 25 2021 01: +0,41.995,10,Battle-Scarred,Covert
Jul 26 2021 01: +0,40.862,9,Battle-Scarred,Covert
Jul 27 2021 01: +0,41.896,7,Battle-Scarred,Covert
Jul 28 2021 01: +0,40.902,10,Battle-Scarred,Covert
Jul 29 2021 01: +0,42.881,15,Battle-Scarred,Covert
Jul 30 2021 01: +0,41.412,8,Battle-Scarred,Covert
Jul 31 2021 01: +0,41.058,14,Battle-Scarred,Covert
Aug 01 2021 01: +0,40.523,14,Battle-Scarred,Covert
Aug 02 2021 01: +0,42.365,15,Battle-Scarred,Covert
Aug 03 2021 01: +0,43.302,11,Battle-Scarred,Covert
Aug 04 2021 01: +0,43.092,6,Battle-Scarred,Covert
Aug 05 2021 01: +0,43.591,8,Battle-Scarred,Covert
Aug 06 2021 01: +0,41.262,16,Battle-Scarred,Covert
Aug 07 2021 01: +0,41.884,13,Battle-Scarred,Covert
Aug 08 2021 01: +0,40.968,9,Battle-Scarred,Covert
Aug 09 2021 01: +0,42.05,10,Battle-Scarred,Covert
Aug 10 2021 01: +0,39.78,13,Battle-Scarred,Covert
Aug 11 2021 01: +0,38.954,14,Battle-Scarred,Covert
Aug 12 2021 01: +0,38.472,7,Battle-Scarred,Covert
Aug 13 2021 01: +0,36.982,9,Battle-Scarred,Covert
Aug 14 2021 01: +0,38.104,14,Battle-Scarred,Covert
Aug 15 2021 01: +0,36.377,14,Battle-Scarred,Covert
Aug 16 2021 01: +0,36.958,18,Battle-Scarred,Covert
Aug 17 2021 01: +0,36.028,10,Battle-Scarred,Covert
Aug 18 2021 01: +0,35.515,13,Battle-Scarred,Covert
Aug 19 2021 01: +0,39.36,7,Battle-Scarred,Covert
Aug 20 2021 01: +0,38.442,10,Battle-Scarred,Covert
Aug 21 2021 01: +0,44.6,14,Battle-Scarred,Covert
Aug 22 2021 01: +0,36.146,11,Battle-Scarred,Covert
Aug 23 2021 01: +0,36.556,16,Battle-Scarred,Covert
Aug 24 2021 01: +0,43.025,13,Battle-Scarred,Covert
Aug 25 2021 01: +0,36.839,7,Battle-Scarred,Covert
Aug 26 2021 01: +0,36.517,7,Battle-Scarred,Covert
Aug 27 2021 01: +0,37.941,13,Battle-Scarred,Covert
Aug 28 2021 01: +0,36.953,9,Battle-Scarred,Covert
Aug 29 2021 01: +0,36.75,16,Battle-Scarred,Covert
Aug 30 2021 01: +0,36.431,17,Battle-Scarred,Covert
Aug 31 2021 01: +0,35.768,11,Battle-Scarred,Covert
Sep 01 2021 01: +0,37.549,8,Battle-Scarred,Covert
Sep 02 2021 01: +0,37.664,14,Battle-Scarred,Covert
Sep 03 2021 01: +0,38.066,18,Battle-Scarred,Covert
Sep 04 2021 01: +0,38.652,13,Battle-Scarred,Covert
Sep 05 2021 01: +0,38.962,13,Battle-Scarred,Covert
Sep 06 2021 01: +0,40.326,11,Battle-Scarred,Covert
Sep 07 2021 01: +0,39.324,19,Battle-Scarred,Covert
Sep 08 2021 01: +0,38.399,8,Battle-Scarred,Covert
Sep 09 2021 01: +0,39.483,5,Battle-Scarred,Covert
Sep 10 2021 01: +0,37.385,10,Battle-Scarred,Covert
Sep 11 2021 01: +0,38.683,10,Battle-Scarred,Covert
Sep 12 2021 01: +0,39.188,11,Battle-Scarred,Covert
Sep 13 2021 01: +0,37.145,15,Battle-Scarred,Covert
Sep 14 2021 01: +0,37.117,15,Battle-Scarred,Covert
Sep 15 2021 01: +0,37.114,12,Battle-Scarred,Covert
Sep 16 2021 01: +0,37.959,14,Battle-Scarred,Covert
Sep 17 2021 01: +0,37.901,12,Battle-Scarred,Covert
Sep 18 2021 01: +0,38.448,17,Battle-Scarred,Covert
Sep 19 2021 01: +0,37.747,9,Battle-Scarred,Covert
Sep 20 2021 01: +0,37.639,17,Battle-Scarred,Covert
Sep 21 2021 01: +0,36.377,12,Battle-Scarred,Covert
Sep 22 2021 01: +0,31.503,39,Battle-Scarred,Covert
Sep 23 2021 01: +0,28.966,19,Battle-Scarred,Covert
Sep 24 2021 01: +0,29.74,15,Battle-Scarred,Covert
Sep 25 2021 01: +0,30.434,20,Battle-Scarred,Covert
Sep 26 2021 01: +0,30.971,14,Battle-Scarred,Covert
Sep 27 2021 01: +0,32.651,13,Battle-Scarred,Covert
Sep 28 2021 01: +0,32.772,13,Battle-Scarred,Covert
Sep 29 2021 01: +0,32.499,23,Battle-Scarred,Covert
Sep 30 2021 01: +0,33.16,16,Battle-Scarred,Covert
Oct 01 2021 01: +0,34.337,23,Battle-Scarred,Covert
Oct 02 2021 01: +0,33.494,16,Battle-Scarred,Covert
Oct 03 2021 01: +0,35.18,25,Battle-Scarred,Covert
Oct 04 2021 01: +0,36.453,16,Battle-Scarred,Covert
Oct 05 2021 01: +0,34.752,14,Battle-Scarred,Covert
Oct 06 2021 01: +0,31.82,12,Battle-Scarred,Covert
Oct 07 2021 01: +0,33.387,16,Battle-Scarred,Covert
Oct 08 2021 01: +0,35.149,19,Battle-Scarred,Covert
Oct 09 2021 01: +0,36.791,20,Battle-Scarred,Covert
Oct 10 2021 01: +0,36.278,16,Battle-Scarred,Covert
Oct 11 2021 01: +0,35.792,9,Battle-Scarred,Covert
Oct 12 2021 01: +0,35.985,16,Battle-Scarred,Covert
Oct 13 2021 01: +0,35.486,19,Battle-Scarred,Covert
Oct 14 2021 01: +0,33.865,14,Battle-Scarred,Covert
Oct 15 2021 01: +0,36.294,19,Battle-Scarred,Covert
Oct 16 2021 01: +0,35.193,17,Battle-Scarred,Covert
Oct 17 2021 01: +0,36.171,19,Battle-Scarred,Covert
Oct 18 2021 01: +0,36.755,13,Battle-Scarred,Covert
Oct 19 2021 01: +0,36.778,16,Battle-Scarred,Covert
Oct 20 2021 01: +0,36.165,13,Battle-Scarred,Covert
Oct 21 2021 01: +0,39.094,23,Battle-Scarred,Covert
Oct 22 2021 01: +0,34.728,27,Battle-Scarred,Covert
Oct 23 2021 01: +0,34.683,25,Battle-Scarred,Covert
Oct 24 2021 01: +0,33.829,19,Battle-Scarred,Covert
Oct 25 2021 01: +0,32.763,18,Battle-Scarred,Covert
Oct 26 2021 01: +0,33.527,14,Battle-Scarred,Covert
Oct 27 2021 01: +0,33.024,9,Battle-Scarred,Covert
Oct 28 2021 01: +0,33.828,17,Battle-Scarred,Covert
Oct 29 2021 01: +0,34.528,15,Battle-Scarred,Covert
Oct 30 2021 01: +0,34.591,16,Battle-Scarred,Covert
Oct 31 2021 01: +0,35.181,15,Battle-Scarred,Covert
Nov 01 2021 01: +0,35.498,19,Battle-Scarred,Covert
Nov 02 2021 01: +0,33.275,14,Battle-Scarred,Covert
Nov 03 2021 01: +0,35.201,16,Battle-Scarred,Covert
Nov 04 2021 01: +0,34.55,22,Battle-Scarred,Covert
Nov 05 2021 01: +0,35.28,26,Battle-Scarred,Covert
Nov 06 2021 01: +0,36.245,17,Battle-Scarred,Covert
Nov 07 2021 01: +0,36.358,19,Battle-Scarred,Covert
Nov 08 2021 01: +0,33.367,18,Battle-Scarred,Covert
Nov 09 2021 01: +0,35.009,13,Battle-Scarred,Covert
Nov 10 2021 01: +0,31.813,25,Battle-Scarred,Covert
Nov 11 2021 01: +0,33.239,20,Battle-Scarred,Covert
Nov 12 2021 01: +0,34.218,9,Battle-Scarred,Covert
Nov 13 2021 01: +0,32.793,19,Battle-Scarred,Covert
Nov 14 2021 01: +0,33.677,18,Battle-Scarred,Covert
Nov 15 2021 01: +0,35.525,9,Battle-Scarred,Covert
Nov 16 2021 01: +0,33.345,16,Battle-Scarred,Covert
Nov 17 2021 01: +0,34.679,14,Battle-Scarred,Covert
Nov 18 2021 01: +0,34.219,22,Battle-Scarred,Covert
Nov 19 2021 01: +0,33.957,16,Battle-Scarred,Covert
Nov 20 2021 01: +0,34.763,14,Battle-Scarred,Covert
Nov 21 2021 01: +0,33.89,16,Battle-Scarred,Covert
Nov 22 2021 01: +0,33.942,13,Battle-Scarred,Covert
Nov 23 2021 01: +0,33.913,16,Battle-Scarred,Covert
Nov 24 2021 01: +0,31.304,10,Battle-Scarred,Covert
Nov 25 2021 01: +0,33.06,22,Battle-Scarred,Covert
Nov 26 2021 01: +0,35.564,15,Battle-Scarred,Covert
Nov 27 2021 01: +0,32.531,20,Battle-Scarred,Covert
Nov 28 2021 01: +0,33.17,10,Battle-Scarred,Covert
Nov 29 2021 01: +0,34.874,17,Battle-Scarred,Covert
Nov 30 2021 01: +0,33.144,16,Battle-Scarred,Covert
Dec 01 2021 01: +0,33.061,12,Battle-Scarred,Covert
Dec 02 2021 01: +0,33.983,11,Battle-Scarred,Covert
Dec 03 2021 01: +0,36.593,7,Battle-Scarred,Covert
Dec 04 2021 01: +0,37.65,14,Battle-Scarred,Covert
Dec 05 2021 01: +0,37.085,20,Battle-Scarred,Covert
Dec 06 2021 01: +0,37.797,18,Battle-Scarred,Covert
Dec 07 2021 01: +0,36.444,15,Battle-Scarred,Covert
Dec 08 2021 01: +0,38.54,16,Battle-Scarred,Covert
Dec 09 2021 01: +0,38.42,12,Battle-Scarred,Covert
Dec 10 2021 01: +0,40.16,14,Battle-Scarred,Covert
Dec 11 2021 01: +0,40.543,15,Battle-Scarred,Covert
Dec 12 2021 01: +0,36.791,14,Battle-Scarred,Covert
Dec 13 2021 01: +0,38.488,10,Battle-Scarred,Covert
Dec 14 2021 01: +0,37.861,14,Battle-Scarred,Covert
Dec 15 2021 01: +0,34.754,19,Battle-Scarred,Covert
Dec 16 2021 01: +0,35.644,12,Battle-Scarred,Covert
Dec 17 2021 01: +0,38.311,9,Battle-Scarred,Covert
Dec 18 2021 01: +0,37.214,12,Battle-Scarred,Covert
Dec 19 2021 01: +0,37.811,19,Battle-Scarred,Covert
Dec 20 2021 01: +0,37.597,12,Battle-Scarred,Covert
Dec 21 2021 01: +0,37.374,12,Battle-Scarred,Covert
Dec 22 2021 01: +0,36.894,7,Battle-Scarred,Covert
Dec 23 2021 01: +0,37.973,21,Battle-Scarred,Covert
Dec 24 2021 01: +0,38.605,20,Battle-Scarred,Covert
Dec 25 2021 01: +0,37.841,18,Battle-Scarred,Covert
Dec 26 2021 01: +0,39.5,8,Battle-Scarred,Covert
Dec 27 2021 01: +0,43.27,14,Battle-Scarred,Covert
Dec 28 2021 01: +0,39.411,11,Battle-Scarred,Covert
Dec 29 2021 01: +0,39.368,14,Battle-Scarred,Covert
Dec 30 2021 01: +0,40.171,13,Battle-Scarred,Covert
Dec 31 2021 01: +0,41.707,15,Battle-Scarred,Covert
