Steam_scrapper/Database_of_items_price/AK-47 _ Vulcan Battle-Scarred.csv
Date,Price,Quantity Sold,exterior,rarity
Jan 01 2022 01: +0,40.811,14,Battle-Scarred,Covert
Jan 02 2022 01: +0,40.68,24,Battle-Scarred,Covert
Jan 03 2022 01: +0,41.891,15,Battle-Scarred,Covert
Jan 04 2022 01: +0,40.303,17,Battle-Scarred,Covert
Jan 05 2022 01: +0,40.571,13,Battle-Scarred,Covert
Jan 06 2022 01: +0,42.117,14,Battle-Scarred,Covert
Jan 07 2022 01: +0,41.216,16,Battle-Scarred,Covert
Jan 08 2022 01: +0,43.377,16,Battle-Scarred,Covert
Jan 09 2022 01: +0,42.621,11,Battle-Scarred,Covert
Jan 10 2022 01: +0,42.662,18,Battle-Scarred,Covert
Jan 11 2022 01: +0,42.292,17,Battle-Scarred,Covert
Jan 12 2022 01: +0,43.972,6,Battle-Scarred,Covert
Jan 13 2022 01: +0,43.683,9,Battle-Scarred,Covert
Jan 14 2022 01: +0,41.402,18,Battle-Scarred,Covert
Jan 15 2022 01: +0,41.613,14,Battle-Scarred,Covert
Jan 16 2022 01: +0,42.206,12,Battle-Scarred,Covert
Jan 17 2022 01: +0,42.386,14,Battle-Scarred,Covert
Jan 18 2022 01: +0,42.147,13,Battle-Scarred,Covert
Jan 19 2022 01: +0,41.299,16,Battle-Scarred,Covert
Jan 20 2022 01: +0,40.155,14,Battle-Scarred,Covert
Jan 21 2022 01: +0,41.553,14,Battle-Scarred,Covert
Jan 22 2022 01: +0,41.011,12,Battle-Scarred,Covert
Jan 23 2022 01: +0,40.957,14,Battle-Scarred,Covert
Jan 24 2022 01: +0,43.666,9,Battle-Scarred,Covert
Jan 25 2022 01: +0,40.271,10,Battle-Scarred,Covert
Jan 26 2022 01: +0,38.981,10,Battle-Scarred,Covert
Jan 27 2022 01: +0,40.154,20,Battle-Scarred,Covert
Jan 28 2022 01: +0,42.654,12,Battle-Scarred,Covert
Jan 29 2022 01: +0,40.768,17,Battle-Scarred,Covert
Jan 30 2022 01: +0,40.005,9,Battle-Scarred,Covert
Jan 31 2022 01: +0,40.156,8,Battle-Scarred,Covert
Feb 01 2022 01: +0,39.61,20,Battle-Scarred,Covert
Feb 02 2022 01: +0,41.865,21,Battle-Scarred,Covert
Feb 03 2022 01: +0,41.509,17,Battle-Scarred,Covert
Feb 04 2022 01: +0,42.964,18,Battle-Scarred,Covert
Feb 05 2022 01: +0,41.43,20,Battle-Scarred,Covert
Feb 06 2022 01: +0,43.177,13,Battle-Scarred,Covert
Feb 07 2022 01: +0,44.524,16,Battle-Scarred,Covert
Feb 08 2022 01: +0,43.65,9,Battle-Scarred,Covert
Feb 09 2022 01: +0,39.763,18,Battle-Scarred,Covert
Feb 10 2022 01: +0,41.132,15,Battle-Scarred,Covert
Feb 11 2022 01: +0,43.669,11,Battle-Scarred,Covert
Feb 12 2022 01: +0,42.897,13,Battle-Scarred,Covert
Feb 13 2022 01: +0,41.369,11,Battle-Scarred,Covert
Feb 14 2022 01: +0,42.109,11,Battle-Scarred,Covert
Feb 15 2022 01: +0,43.035,10,Battle-Scarred,Covert
Feb 16 2022 01: +0,41.808,12,Battle-Scarred,Covert
Feb 17 2022 01: +0,42.552,16,Battle-Scarred,Covert
Feb 18 2022 01: +0,43.227,16,Battle-Scarred,Covert
Feb 19 2022 01: +0,42.382,10,Battle-Scarred,Covert
Feb 20 2022 01: +0,43.081,10,Battle-Scarred,Covert
Feb 21 2022 01: +0,42.595,15,Battle-Scarred,Covert
Feb 22 2022 01: +0,45.225,14,Battle-Scarred,Covert
Feb 23 2022 01: +0,43.264,7,Battle-Scarred,Covert
Feb 24 2022 01: +0,43.496,14,Battle-Scarred,Covert
Feb 25 2022 01: +0,43.907,16,Battle-Scarred,Covert
Feb 26 2022 01: +0,42.893,20,Battle-Scarred,Covert
Feb 27 2022 01: +0,42.736,8,Battle-Scarred,Covert
Feb 28 2022 01: +0,42.568,13,Battle-Scarred,Covert
Mar 01 2022 01: +0,44.164,21,Battle-Scarred,Covert
Mar 02 2022 01: +0,45.02,14,Battle-Scarred,Covert
Mar 03 2022 01: +0,44.355,17,Battle-Scarred,Covert
Mar 04 2022 01: +0,47.7,16,Battle-Scarred,Covert
Mar 05 2022 01: +0,45.711,18,Battle-Scarred,Covert
Mar 06 2022 01: +0,47.348,11,Battle-Scarred,Covert
Mar 07 2022 01: +0,45.083,28,Battle-Scarred,Covert
Mar 08 2022 01: +0,43.794,17,Battle-Scarred,Covert
Mar 09 2022 01: +0,42.267,19,Battle-Scarred,Covert
Mar 10 2022 01: +0,45.34,23,Battle-Scarred,Covert
Mar 11 2022 01: +0,46.093,9,Battle-Scarred,Covert
Mar 12 2022 01: +0,46.159,28,Battle-Scarred,Covert
Mar 13 2022 01: +0,46.731,14,Battle-Scarred,Covert
Mar 14 2022 01: +0,46.551,8,Battle-Scarred,Covert
Mar 15 2022 01: +0,44.615,21,Battle-Scarred,Covert
Mar 16 2022 01: +0,46.701,16,Battle-Scarred,Covert
Mar 17 2022 01: +0,47.395,19,Battle-Scarred,Covert
Mar 18 2022 01: +0,47.101,11,Battle-Scarred,Covert
Mar 19 2022 01: +0,46.419,14,Battle-Scarred,Covert
Mar 20 2022 01: +0,46.45,15,Battle-Scarred,Covert
Mar 21 2022 01: +0,46.57,14,Battle-Scarred,Covert
Mar 22 2022 01: +0,48.05,17,Battle-Scarred,Covert
Mar 23 2022 01: +0,46.619,10,Battle-Scarred,Covert
Mar 24 2022 01: +0,48.144,11,Battle-Scarred,Covert
Mar 25 2022 01: +0,49.03,11,Battle-Scarred,Covert
Mar 26 2022 01: +0,47.078,17,Battle-Scarred,Covert
Mar 27 2022 01: +0,51.538,12,Battle-Scarred,Covert
Mar 28 2022 01: +0,51.745,12,Battle-Scarred,Covert
Mar 29 2022 01: +0,49.322,7,Battle-Scarred,Covert
Mar 30 2022 01: +0,50.469,12,Battle-Scarred,Covert
Mar 31 2022 01: +0,49.688,10,Battle-Scarred,Covert
Apr 01 2022 01: +0,49.486,3,Battle-Scarred,Covert
Apr 01 2022 13: +0,48.3,1,Battle-Scarred,Covert
Apr 01 2022 14: +0,46.461,1,Battle-Scarred,Covert
Apr 01 2022 15: +0,47.116,2,Battle-Scarred,Covert
Apr 01 2022 16: +0,47.86,2,Battle-Scarred,Covert
Apr 01 2022 17: +0,44.328,1,Battle-Scarred,Covert
Apr 01 2022 18: +0,47.602,3,Battle-Scarred,Covert
Apr 01 2022 20: +0,47.45,1,Battle-Scarred,Covert
Apr 02 2022 00: +0,47.15,1,Battle-Scarred,Covert
Apr 02 2022 07: +0,47.33,1,Battle-Scarred,Covert
Apr 02 2022 09: +0,46.667,1,Battle-Scarred,Covert
Apr 02 2022 10: +0,52.363,2,Battle-Scarred,Covert
Apr 02 2022 11: +0,47.49,1,Battle-Scarred,Covert
Apr 02 2022 12: +0,47.45,1,Battle-Scarred,Covert
Apr 02 2022 17: +0,47.52,1,Battle-Scarred,Covert
Apr 02 2022 20: +0,46.667,1,Battle-Scarred,Covert
Apr 02 2022 22: +0,47.85,1,Battle-Scarred,Covert
Apr 02 2022 23: +0,47.81,1,Battle-Scarred,Covert
Apr 03 2022 00: +0,47.95,1,Battle-Scarred,Covert
Apr 03 2022 03: +0,48.03,1,Battle-Scarred,Covert
Apr 03 2022 04: +0,53.43,1,Battle-Scarred,Covert
Apr 03 2022 05: +0,48.1,2,Battle-Scarred,Covert
Apr 03 2022 08: +0,47.46,1,Battle-Scarred,Covert
Apr 03 2022 10: +0,49.002,1,Battle-Scarred,Covert
Apr 03 2022 12: +0,47.24,1,Battle-Scarred,Covert
Apr 03 2022 13: +0,47.45,1,Battle-Scarred,Covert
Apr 03 2022 14: +0,50.791,4,Battle-Scarred,Covert
Apr 03 2022 16: +0,48.27,1,Battle-Scarred,Covert
Apr 03 2022 17: +0,47.45,1,Battle-Scarred,Covert
Apr 03 2022 22: +0,46.99,3,Battle-Scarred,Covert
Apr 04 2022 01: +0,46.681,1,Battle-Scarred,Covert
Apr 04 2022 02: +0,48.48,1,Battle-Scarred,Covert
Apr 04 2022 03: +0,46.936,1,Battle-Scarred,Covert
Apr 04 2022 05: +0,48.419,1,Battle-Scarred,Covert
Apr 04 2022 08: +0,48.188,2,Battle-Scarred,Covert
Apr 04 2022 11: +0,48.62,1,Battle-Scarred,Covert
Apr 04 2022 12: +0,48.65,1,Battle-Scarred,Covert
Apr 04 2022 15: +0,53.296,1,Battle-Scarred,Covert
Apr 04 2022 17: +0,49.225,2,Battle-Scarred,Covert
Apr 04 2022 18: +0,49.29,1,Battle-Scarred,Covert
Apr 04 2022 19: +0,49.38,1,Battle-Scarred,Covert
Apr 04 2022 21: +0,49.08,2,Battle-Scarred,Covert
Apr 05 2022 00: +0,51.188,2,Battle-Scarred,Covert
Apr 05 2022 04: +0,50.1,1,Battle-Scarred,Covert
Apr 05 2022 10: +0,52.493,3,Battle-Scarred,Covert
Apr 05 2022 11: +0,51.263,2,Battle-Scarred,Covert
Apr 05 2022 13: +0,53.349,1,Battle-Scarred,Covert
Apr 05 2022 14: +0,46.94,1,Battle-Scarred,Covert
Apr 05 2022 15: +0,50.57,1,Battle-Scarred,Covert
Apr 05 2022 16: +0,50.68,1,Battle-Scarred,Covert
Apr 05 2022 18: +0,50.56,1,Battle-Scarred,Covert
Apr 05 2022 19: +0,50.8,1,Battle-Scarred,Covert
Apr 05 2022 20: +0,50.764,2,Battle-Scarred,Covert
Apr 05 2022 22: +0,50.392,1,Battle-Scarred,Covert
Apr 06 2022 01: +0,50.71,1,Battle-Scarred,Covert
Apr 06 2022 04: +0,50.23,1,Battle-Scarred,Covert
Apr 06 2022 08: +0,54.74,2,Battle-Scarred,Covert
Apr 06 2022 13: +0,54.854,1,Battle-Scarred,Covert
Apr 06 2022 14: +0,49.755,2,Battle-Scarred,Covert
Apr 06 2022 16: +0,50.054,3,Battle-Scarred,Covert
Apr 06 2022 17: +0,51.487,1,Battle-Scarred,Covert
Apr 06 2022 18: +0,49.88,1,Battle-Scarred,Covert
Apr 06 2022 19: +0,49.91,1,Battle-Scarred,Covert
Apr 06 2022 21: +0,50.0,1,Battle-Scarred,Covert
Apr 06 2022 23: +0,49.61,1,Battle-Scarred,Covert
Apr 07 2022 05: +0,59.92,1,Battle-Scarred,Covert
Apr 07 2022 11: +0,50.11,1,Battle-Scarred,Covert
Apr 07 2022 12: +0,47.11,1,Battle-Scarred,Covert
Apr 07 2022 14: +0,50.14,3,Battle-Scarred,Covert
Apr 07 2022 15: +0,52.628,2,Battle-Scarred,Covert
Apr 07 2022 16: +0,50.18,1,Battle-Scarred,Covert
Apr 07 2022 18: +0,50.33,1,Battle-Scarred,Covert
Apr 07 2022 19: +0,50.25,1,Battle-Scarred,Covert
Apr 07 2022 20: +0,40.135,2,Battle-Scarred,Covert
Apr 07 2022 21: +0,50.51,1,Battle-Scarred,Covert
Apr 07 2022 22: +0,52.453,2,Battle-Scarred,Covert
Apr 07 2022 23: +0,46.98,1,Battle-Scarred,Covert
Apr 08 2022 00: +0,50.3,1,Battle-Scarred,Covert
Apr 08 2022 01: +0,49.848,2,Battle-Scarred,Covert
Apr 08 2022 03: +0,14.95,1,Battle-Scarred,Covert
Apr 08 2022 05: +0,58.041,2,Battle-Scarred,Covert
Apr 08 2022 09: +0,50.52,1,Battle-Scarred,Covert
Apr 08 2022 11: +0,49.17,1,Battle-Scarred,Covert
Apr 08 2022 13: +0,50.63,1,Battle-Scarred,Covert
Apr 08 2022 16: +0,54.175,1,Battle-Scarred,Covert
Apr 08 2022 18: +0,50.27,1,Battle-Scarred,Covert
Apr 08 2022 19: +0,49.18,1,Battle-Scarred,Covert
Apr 08 2022 21: +0,50.79,3,Battle-Scarred,Covert
Apr 08 2022 22: +0,43.61,1,Battle-Scarred,Covert
Apr 08 2022 23: +0,50.8,1,Battle-Scarred,Covert
Apr 09 2022 05: +0,50.61,1,Battle-Scarred,Covert
Apr 09 2022 06: +0,50.65,1,Battle-Scarred,Covert
Apr 09 2022 07: +0,47.801,2,Battle-Scarred,Covert
Apr 09 2022 08: +0,49.83,1,Battle-Scarred,Covert
Apr 09 2022 10: +0,50.86,1,Battle-Scarred,Covert
Apr 09 2022 12: +0,50.89,1,Battle-Scarred,Covert
Apr 09 2022 13: +0,51.057,4,Battle-Scarred,Covert
Apr 09 2022 14: +0,51.057,2,Battle-Scarred,Covert
Apr 09 2022 17: +0,52.5,1,Battle-Scarred,Covert
Apr 09 2022 23: +0,63.506,1,Battle-Scarred,Covert
Apr 10 2022 01: +0,43.35,1,Battle-Scarred,Covert
Apr 10 2022 03: +0,54.88,1,Battle-Scarred,Covert
Apr 10 2022 05: +0,46.88,1,Battle-Scarred,Covert
Apr 10 2022 06: +0,44.91,1,Battle-Scarred,Covert
Apr 10 2022 07: +0,52.46,2,Battle-Scarred,Covert
Apr 10 2022 09: +0,51.03,2,Battle-Scarred,Covert
Apr 10 2022 10: +0,51.03,2,Battle-Scarred,Covert
Apr 10 2022 12: +0,54.676,3,Battle-Scarred,Covert
Apr 10 2022 14: +0,51.03,2,Battle-Scarred,Covert
Apr 10 2022 16: +0,50.96,1,Battle-Scarred,Covert
Apr 10 2022 17: +0,51.03,1,Battle-Scarred,Covert
Apr 10 2022 19: +0,51.12,1,Battle-Scarred,Covert
Apr 10 2022 20: +0,52.39,1,Battle-Scarred,Covert
Apr 10 2022 22: +0,47.85,1,Battle-Scarred,Covert
Apr 11 2022 06: +0,53.61,2,Battle-Scarred,Covert
Apr 11 2022 09: +0,52.17,1,Battle-Scarred,Covert
Apr 11 2022 10: +0,52.18,1,Battle-Scarred,Covert
Apr 11 2022 12: +0,52.25,3,Battle-Scarred,Covert
Apr 11 2022 13: +0,44.91,1,Battle-Scarred,Covert
Apr 11 2022 14: +0,52.26,1,Battle-Scarred,Covert
Apr 11 2022 18: +0,54.94,2,Battle-Scarred,Covert
Apr 11 2022 19: +0,79.321,12,Battle-Scarred,Covert
Apr 11 2022 21: +0,52.07,1,Battle-Scarred,Covert
Apr 12 2022 01: +0,52.68,1,Battle-Scarred,Covert
Apr 12 2022 06: +0,50.02,1,Battle-Scarred,Covert
Apr 12 2022 07: +0,54.45,1,Battle-Scarred,Covert
Apr 12 2022 08: +0,53.33,1,Battle-Scarred,Covert
Apr 12 2022 11: +0,53.37,2,Battle-Scarred,Covert
Apr 12 2022 13: +0,51.085,2,Battle-Scarred,Covert
Apr 12 2022 17: +0,53.44,1,Battle-Scarred,Covert
Apr 12 2022 19: +0,43.52,1,Battle-Scarred,Covert
Apr 12 2022 22: +0,52.9,4,Battle-Scarred,Covert
Apr 13 2022 09: +0,58.135,2,Battle-Scarred,Covert
Apr 13 2022 12: +0,51.92,1,Battle-Scarred,Covert
Apr 13 2022 14: +0,53.07,1,Battle-Scarred,Covert
Apr 13 2022 17: +0,80.643,1,Battle-Scarred,Covert
Apr 13 2022 18: +0,52.51,1,Battle-Scarred,Covert
Apr 13 2022 19: +0,54.23,1,Battle-Scarred,Covert
Apr 13 2022 22: +0,62.133,1,Battle-Scarred,Covert
Apr 14 2022 01: +0,55.422,2,Battle-Scarred,Covert
Apr 14 2022 03: +0,54.93,1,Battle-Scarred,Covert
Apr 14 2022 08: +0,54.95,1,Battle-Scarred,Covert
Apr 14 2022 17: +0,54.879,1,Battle-Scarred,Covert
Apr 14 2022 18: +0,54.954,2,Battle-Scarred,Covert
Apr 14 2022 19: +0,54.969,1,Battle-Scarred,Covert
Apr 14 2022 20: +0,52.766,2,Battle-Scarred,Covert
Apr 14 2022 23: +0,54.94,1,Battle-Scarred,Covert
Apr 15 2022 08: +0,54.99,1,Battle-Scarred,Covert
Apr 15 2022 12: +0,54.981,1,Battle-Scarred,Covert
Apr 15 2022 19: +0,54.17,1,Battle-Scarred,Covert
Apr 15 2022 20: +0,56.73,2,Battle-Scarred,Covert
Apr 15 2022 21: +0,56.05,1,Battle-Scarred,Covert
Apr 15 2022 23: +0,53.87,1,Battle-Scarred,Covert
Apr 16 2022 05: +0,54.192,1,Battle-Scarred,Covert
Apr 16 2022 10: +0,54.28,1,Battle-Scarred,Covert
Apr 16 2022 12: +0,51.87,1,Battle-Scarred,Covert
Apr 16 2022 16: +0,57.496,1,Battle-Scarred,Covert
Apr 16 2022 18: +0,53.87,1,Battle-Scarred,Covert
Apr 16 2022 19: +0,52.231,2,Battle-Scarred,Covert
Apr 16 2022 20: +0,52.0,1,Battle-Scarred,Covert
Apr 17 2022 00: +0,54.504,1,Battle-Scarred,Covert
Apr 17 2022 11: +0,52.32,1,Battle-Scarred,Covert
Apr 17 2022 12: +0,55.004,3,Battle-Scarred,Covert
Apr 17 2022 15: +0,63.74,1,Battle-Scarred,Covert
Apr 18 2022 01: +0,62.634,1,Battle-Scarred,Covert
Apr 18 2022 06: +0,51.78,1,Battle-Scarred,Covert
Apr 18 2022 11: +0,56.235,2,Battle-Scarred,Covert
Apr 18 2022 14: +0,60.136,1,Battle-Scarred,Covert
Apr 18 2022 16: +0,53.74,1,Battle-Scarred,Covert
Apr 18 2022 17: +0,53.858,2,Battle-Scarred,Covert
Apr 18 2022 20: +0,54.01,3,Battle-Scarred,Covert
Apr 18 2022 21: +0,54.01,1,Battle-Scarred,Covert
Apr 19 2022 07: +0,54.719,1,Battle-Scarred,Covert
Apr 19 2022 10: +0,54.12,1,Battle-Scarred,Covert
Apr 19 2022 11: +0,54.71,1,Battle-Scarred,Covert
Apr 19 2022 12: +0,54.02,1,Battle-Scarred,Covert
Apr 19 2022 13: +0,54.365,2,Battle-Scarred,Covert
Apr 19 2022 14: +0,54.57,1,Battle-Scarred,Covert
Apr 19 2022 16: +0,52.67,2,Battle-Scarred,Covert
Apr 19 2022 17: +0,54.02,1,Battle-Scarred,Covert
Apr 19 2022 18: +0,54.02,1,Battle-Scarred,Covert
Apr 19 2022 19: +0,54.02,1,Battle-Scarred,Covert
Apr 20 2022 08: +0,50.52,1,Battle-Scarred,Covert
Apr 20 2022 09: +0,54.11,1,Battle-Scarred,Covert
Apr 20 2022 10: +0,54.364,2,Battle-Scarred,Covert
Apr 20 2022 13: +0,54.062,1,Battle-Scarred,Covert
Apr 20 2022 14: +0,54.061,1,Battle-Scarred,Covert
Apr 20 2022 15: +0,56.536,1,Battle-Scarred,Covert
Apr 20 2022 16: +0,53.435,2,Battle-Scarred,Covert
Apr 20 2022 18: +0,52.81,1,Battle-Scarred,Covert
Apr 21 2022 03: +0,55.33,2,Battle-Scarred,Covert
Apr 21 2022 06: +0,59.594,2,Battle-Scarred,Covert
Apr 21 2022 11: +0,56.09,1,Battle-Scarred,Covert
Apr 21 2022 13: +0,55.83,1,Battle-Scarred,Covert
Apr 21 2022 15: +0,56.134,2,Battle-Scarred,Covert
Apr 21 2022 17: +0,56.27,1,Battle-Scarred,Covert
Apr 21 2022 18: +0,55.8,1,Battle-Scarred,Covert
Apr 21 2022 20: +0,56.5,1,Battle-Scarred,Covert
Apr 22 2022 01: +0,57.34,2,Battle-Scarred,Covert
Apr 22 2022 02: +0,57.35,2,Battle-Scarred,Covert
Apr 22 2022 06: +0,56.18,1,Battle-Scarred,Covert
Apr 22 2022 08: +0,55.17,1,Battle-Scarred,Covert
Apr 22 2022 10: +0,58.71,1,Battle-Scarred,Covert
Apr 22 2022 14: +0,58.83,1,Battle-Scarred,Covert
Apr 22 2022 15: +0,58.34,1,Battle-Scarred,Covert
Apr 22 2022 16: +0,61.85,1,Battle-Scarred,Covert
Apr 22 2022 17: +0,13.68,1,Battle-Scarred,Covert
Apr 22 2022 18: +0,58.45,3,Battle-Scarred,Covert
Apr 22 2022 20: +0,62.17,2,Battle-Scarred,Covert
Apr 22 2022 21: +0,60.16,1,Battle-Scarred,Covert
Apr 22 2022 22: +0,62.146,1,Battle-Scarred,Covert
Apr 22 2022 23: +0,60.16,1,Battle-Scarred,Covert
Apr 23 2022 04: +0,59.93,1,Battle-Scarred,Covert
Apr 23 2022 08: +0,57.34,1,Battle-Scarred,Covert
Apr 23 2022 09: +0,54.08,1,Battle-Scarred,Covert
Apr 23 2022 10: +0,57.36,1,Battle-Scarred,Covert
Apr 23 2022 11: +0,44.8,1,Battle-Scarred,Covert
Apr 23 2022 13: +0,57.38,1,Battle-Scarred,Covert
Apr 23 2022 15: +0,53.2,2,Battle-Scarred,Covert
Apr 23 2022 18: +0,57.44,1,Battle-Scarred,Covert
Apr 23 2022 21: +0,51.2,1,Battle-Scarred,Covert
Apr 23 2022 22: +0,57.36,1,Battle-Scarred,Covert
Apr 23 2022 23: +0,56.6,1,Battle-Scarred,Covert
Apr 24 2022 03: +0,57.34,1,Battle-Scarred,Covert
Apr 24 2022 06: +0,60.699,2,Battle-Scarred,Covert
Apr 24 2022 07: +0,48.0,1,Battle-Scarred,Covert
Apr 24 2022 08: +0,57.46,1,Battle-Scarred,Covert
Apr 24 2022 10: +0,57.44,1,Battle-Scarred,Covert
Apr 24 2022 19: +0,56.035,2,Battle-Scarred,Covert
Apr 24 2022 21: +0,57.379,2,Battle-Scarred,Covert
Apr 24 2022 22: +0,57.69,1,Battle-Scarred,Covert
Apr 25 2022 04: +0,57.45,1,Battle-Scarred,Covert
Apr 25 2022 07: +0,57.41,1,Battle-Scarred,Covert
Apr 25 2022 08: +0,57.441,1,Battle-Scarred,Covert
Apr 25 2022 11: +0,57.475,1,Battle-Scarred,Covert
Apr 25 2022 12: +0,57.43,2,Battle-Scarred,Covert
Apr 25 2022 13: +0,57.43,1,Battle-Scarred,Covert
Apr 25 2022 14: +0,57.4,1,Battle-Scarred,Covert
Apr 25 2022 16: +0,59.528,1,Battle-Scarred,Covert
Apr 25 2022 18: +0,47.0,1,Battle-Scarred,Covert
Apr 25 2022 19: +0,56.01,1,Battle-Scarred,Covert
Apr 26 2022 08: +0,59.446,1,Battle-Scarred,Covert
Apr 26 2022 09: +0,56.03,1,Battle-Scarred,Covert
Apr 26 2022 10: +0,56.23,1,Battle-Scarred,Covert
Apr 26 2022 11: +0,54.69,1,Battle-Scarred,Covert
Apr 26 2022 12: +0,53.01,1,Battle-Scarred,Covert
Apr 26 2022 13: +0,68.039,1,Battle-Scarred,Covert
Apr 26 2022 14: +0,56.43,1,Battle-Scarred,Covert
Apr 26 2022 15: +0,56.43,1,Battle-Scarred,Covert
Apr 26 2022 18: +0,56.352,1,Battle-Scarred,Covert
Apr 26 2022 20: +0,56.18,3,Battle-Scarred,Covert
Apr 27 2022 02: +0,54.62,1,Battle-Scarred,Covert
Apr 27 2022 09: +0,56.135,2,Battle-Scarred,Covert
Apr 27 2022 11: +0,56.12,1,Battle-Scarred,Covert
Apr 27 2022 12: +0,52.0,1,Battle-Scarred,Covert
Apr 27 2022 13: +0,56.09,1,Battle-Scarred,Covert
Apr 27 2022 16: +0,55.339,2,Battle-Scarred,Covert
Apr 27 2022 18: +0,56.02,1,Battle-Scarred,Covert
Apr 28 2022 03: +0,56.02,1,Battle-Scarred,Covert
Apr 28 2022 08: +0,56.044,1,Battle-Scarred,Covert
Apr 28 2022 10: +0,56.03,1,Battle-Scarred,Covert
Apr 28 2022 12: +0,53.71,1,Battle-Scarred,Covert
Apr 28 2022 13: +0,56.363,1,Battle-Scarred,Covert
Apr 28 2022 14: +0,56.209,2,Battle-Scarred,Covert
Apr 28 2022 15: +0,47.87,1,Battle-Scarred,Covert
Apr 28 2022 16: +0,56.397,1,Battle-Scarred,Covert
Apr 28 2022 20: +0,56.02,1,Battle-Scarred,Covert
Apr 29 2022 02: +0,40.943,1,Battle-Scarred,Covert
Apr 29 2022 04: +0,36.006,1,Battle-Scarred,Covert
Apr 29 2022 10: +0,53.826,1,Battle-Scarred,Covert
