Steam_scrapper/Database_of_items_price/AK-47 _ Vulcan Battle-Scarred.csv
Date,Price,Quantity Sold,exterior,rarity
Apr 29 2022 15: +0,53.76,1,Battle-Scarred,Covert
Apr 29 2022 19: +0,52.527,1,Battle-Scarred,Covert
Apr 29 2022 20: +0,46.0,1,Battle-Scarred,Covert
Apr 29 2022 23: +0,51.135,2,Battle-Scarred,Covert
Apr 30 2022 05: +0,43.49,1,Battle-Scarred,Covert
Apr 30 2022 10: +0,50.991,2,Battle-Scarred,Covert
Apr 30 2022 11: +0,51.03,2,Battle-Scarred,Covert
Apr 30 2022 12: +0,51.049,1,Battle-Scarred,Covert
Apr 30 2022 13: +0,52.34,1,Battle-Scarred,Covert
Apr 30 2022 14: +0,50.6,1,Battle-Scarred,Covert
Apr 30 2022 16: +0,54.465,1,Battle-Scarred,Covert
Apr 30 2022 18: +0,50.99,1,Battle-Scarred,Covert
Apr 30 2022 22: +0,51.25,1,Battle-Scarred,Covert
Apr 30 2022 23: +0,51.237,1,Battle-Scarred,Covert
May 01 2022 00: +0,50.533,1,Battle-Scarred,Covert
May 01 2022 07: +0,50.282,2,Battle-Scarred,Covert
